[wearecomplexcreative.com/index.html]
[backblue.gif]
[fade.gif]
[index.html]
[wearecomplexcreative.com/wp-content/themes/cc-new/favicons/apple-touch-icon.png]
[wearecomplexcreative.com/wp-content/themes/cc-new/favicons/favicon-32x32.png]
[wearecomplexcreative.com/wp-content/themes/cc-new/favicons/favicon-16x16.png]
[wearecomplexcreative.com/wp-content/uploads/cc-website-blog-1.jpg]
[wearecomplexcreative.com/wp-content/themes/cc-new/dist/index5152.css]
[wearecomplexcreative.com/wp-content/themes/cc-new/dist/runtime5152.js]
[wearecomplexcreative.com/wp-content/themes/cc-new/dist/vendors5152.js]
[wearecomplexcreative.com/wp-content/themes/cc-new/dist/index5152.js]
[wearecomplexcreative.com/wp-json/wp/v2/pages/57.json]
[wearecomplexcreative.com/wp-json/index.html]
[wearecomplexcreative.com/xmlrpc0db0.php]
[wearecomplexcreative.com/wp-json/oembed/1.0/embed1d06.json]
[wearecomplexcreative.com/wp-json/oembed/1.0/embed3a46]
[wearecomplexcreative.com/_https_/wearecomplexcreative.com/who-we-are/index.html]
[wearecomplexcreative.com/_https_/wearecomplexcreative.com/wp-content/uploads/Sabrina-for-animate.svg/_/n]
[wearecomplexcreative.com/_https_/wearecomplexcreative.com/what-we-do/index.html]
[wearecomplexcreative.com/_https_/wearecomplexcreative.com/wp-content/uploads/what-we-do-imac-3.webp/_/n]
[wearecomplexcreative.com/_https_/wearecomplexcreative.com/case-studies/index.html]
[wearecomplexcreative.com/_https_/wearecomplexcreative.com/wp-content/uploads/case-studies-menu.webp/_/n]
[wearecomplexcreative.com/_https_/wearecomplexcreative.com/clients/index.html]
[wearecomplexcreative.com/_https_/wearecomplexcreative.com/wp-content/uploads/clients-menu.webp/_/n]
[wearecomplexcreative.com/_https_/wearecomplexcreative.com/giving-back/index.html]
[wearecomplexcreative.com/_https_/wearecomplexcreative.com/wp-content/uploads/giving-back-menu.webp/_/n]
[wearecomplexcreative.com/_https_/wearecomplexcreative.com/blog/index.html]
[wearecomplexcreative.com/_https_/wearecomplexcreative.com/wp-content/uploads/insights-menu.webp/_/n]
[wearecomplexcreative.com/_https_/wearecomplexcreative.com/contact/index.html]
[wearecomplexcreative.com/_https_/wearecomplexcreative.com/wp-content/uploads/contacts-menu.webp/_/n]
[wearecomplexcreative.com/wp-content/uploads/frustrated-3D-New-1.webp]
[wearecomplexcreative.com/wp-content/uploads/1-percent-white@2x.png]
[wearecomplexcreative.com/wp-content/uploads/Million-Tree-Pledge-Logo-white@2x.png]
[wearecomplexcreative.com/wp-content/uploads/sustainabilty-image-new-1.webp]
[wearecomplexcreative.com/who-we-are/index.html]
[wearecomplexcreative.com/wp-content/uploads/creative-agency_team.webp]
[wearecomplexcreative.com/wp-content/uploads/NBST-logo-for-LIGHT-MODE-1.webp]
[wearecomplexcreative.com/wp-content/uploads/NBSTS-logo-for-DARK-MODE.webp]
[wearecomplexcreative.com/sustainability/index.html]
[wearecomplexcreative.com/what-we-do/index.html]
[wearecomplexcreative.com/wp-content/uploads/SOTB-logo-for-LIGHT-MODE.webp]
[wearecomplexcreative.com/pro-bono/index.html]
[wearecomplexcreative.com/wp-content/uploads/SOTB-logo-for-DARK-mode.webp]
[wearecomplexcreative.com/referral-scheme/index.html]
[wearecomplexcreative.com/terms-of-business/index.html]
[wearecomplexcreative.com/terms-and-conditions/index.html]
[wearecomplexcreative.com/privacy-notice/index.html]
[wearecomplexcreative.com/careers/index.html]
[wearecomplexcreative.com/wp-content/uploads/climate-positive-workforce-white-landscape.webp]
[wearecomplexcreative.com/cookie-policy/index.html]
[wearecomplexcreative.com/wp-content/uploads/LW-Employer-logo-transparent.webp]
[wearecomplexcreative.com/wp-content/uploads/gbc-accredited-stamp-transparent-black-rgb-500px@72ppi.webp]
[wearecomplexcreative.com/wp-content/uploads/gbc-accredited-stamp-transparent-white-500px@72ppi-rgb.webp]
[wearecomplexcreative.com/wp-content/uploads/creatives-for-climate-badge-1.webp]
[wearecomplexcreative.com/wp-content/uploads/stripe-climate-logo-light-mode.webp]
[wearecomplexcreative.com/wp-content/uploads/stripe-climate-logo-dark-mode.webp]
[wearecomplexcreative.com/wp-content/uploads/UN-Global-compact-light-mode.webp]
[wearecomplexcreative.com/wp-content/uploads/UN-Global-compact-dark-mode.webp]
[wearecomplexcreative.com/wp-content/uploads/1percent-for-the-planet-light-mode.webp]
[wearecomplexcreative.com/wp-content/uploads/1percent-for-the-planet.webp]
[wearecomplexcreative.com/wp-content/uploads/ME-Logo-Blue.webp]
[wearecomplexcreative.com/wp-content/uploads/ME-Logo-White.webp]
[wearecomplexcreative.com/index.html]
[unpkg.com/website-carbon-badges@1.1.3/b.min.js]
[wearecomplexcreative.com/wp-content/themes/cc-new/dist/48631b1f1c0f8649c924.woff2]
[wearecomplexcreative.com/wp-content/themes/cc-new/dist/084dac261cb9fbb79172.woff]
[wearecomplexcreative.com/wp-content/themes/cc-new/dist/623a13cde6dfcf7f0daf.ttf]
[wearecomplexcreative.com/wp-content/themes/cc-new/dist/078007f82e1c634fce30.woff2]
[wearecomplexcreative.com/wp-content/themes/cc-new/dist/30ae7b46c12dd3634131.woff]
[wearecomplexcreative.com/wp-content/themes/cc-new/dist/4ee96395e07a04577aab.ttf]
[wearecomplexcreative.com/wp-content/themes/cc-new/dist/ec29de838a3a0dfa8891.woff2]
[wearecomplexcreative.com/wp-content/themes/cc-new/dist/aa770b1bdcdd6967a9a7.woff]
[wearecomplexcreative.com/wp-content/themes/cc-new/dist/c423ce2dc1d85bc50799.ttf]
[wearecomplexcreative.com/wp-content/themes/cc-new/dist/index5152.css]
[wearecomplexcreative.com/_https_/wearecomplexcreative.com/who-we-are/index.html]
[wearecomplexcreative.com/_https_/wearecomplexcreative.com/wp-content/uploads/Sabrina-for-animate.svg/_/n.html]
[wearecomplexcreative.com/_https_/wearecomplexcreative.com/what-we-do/index.html]
[wearecomplexcreative.com/_https_/wearecomplexcreative.com/wp-content/uploads/what-we-do-imac-3.webp/_/n.html]
[wearecomplexcreative.com/_https_/wearecomplexcreative.com/case-studies/index.html]
[wearecomplexcreative.com/_https_/wearecomplexcreative.com/wp-content/uploads/case-studies-menu.webp/_/n.html]
[wearecomplexcreative.com/_https_/wearecomplexcreative.com/clients/index.html]
[wearecomplexcreative.com/_https_/wearecomplexcreative.com/wp-content/uploads/clients-menu.webp/_/n.html]
[wearecomplexcreative.com/_https_/wearecomplexcreative.com/giving-back/index.html]
[wearecomplexcreative.com/_https_/wearecomplexcreative.com/wp-content/uploads/giving-back-menu.webp/_/n.html]
[wearecomplexcreative.com/_https_/wearecomplexcreative.com/blog/index.html]
[wearecomplexcreative.com/_https_/wearecomplexcreative.com/wp-content/uploads/insights-menu.webp/_/n.html]
[wearecomplexcreative.com/_https_/wearecomplexcreative.com/contact/index.html]
[wearecomplexcreative.com/_https_/wearecomplexcreative.com/wp-content/uploads/contacts-menu.webp/_/n.html]
[wearecomplexcreative.com/wp-json/wp/v2/pages/905.json]
[wearecomplexcreative.com/wp-json/oembed/1.0/embed5f85.json]
[wearecomplexcreative.com/wp-json/oembed/1.0/embeddf5b]
[wearecomplexcreative.com/wp-content/uploads/Sabrina-1.webp]
[wearecomplexcreative.com/wp-content/uploads/values-light.webp]
[wearecomplexcreative.com/wp-content/uploads/values-dark.webp]
[wearecomplexcreative.com/wp-content/uploads/awards-1-1.webp]
[wearecomplexcreative.com/wp-content/uploads/awards-for-LM.webp]
[wearecomplexcreative.com/who-we-are/index.html]
[wearecomplexcreative.com/wp-json/wp/v2/pages/994.json]
[wearecomplexcreative.com/wp-json/oembed/1.0/embedea4f.json]
[wearecomplexcreative.com/wp-json/oembed/1.0/embed78d3]
[wearecomplexcreative.com/wp-content/uploads/sustainability_earth.webp]
[wearecomplexcreative.com/giving-back/index.html]
[wearecomplexcreative.com/wp-content/uploads/sustainable-web-graphic1.webp]
[wearecomplexcreative.com/wp-content/uploads/larm-rmah-216854-unsplash.webp]
[wearecomplexcreative.com/wp-content/uploads/Bima_Logo.webp]
[wearecomplexcreative.com/wp-content/uploads/larm-rmah-216854-unsplash-1.webp]
[wearecomplexcreative.com/what-is-sustainability-and-why-is-it-important/index.html]
[wearecomplexcreative.com/wp-content/uploads/larm-rmah-216854-unsplash-2.webp]
[wearecomplexcreative.com/wp-content/uploads/gradient-heart.webp]
[wearecomplexcreative.com/sustainability/index.html]
[wearecomplexcreative.com/contact/index.html]
[wearecomplexcreative.com/wp-content/plugins/cookie-notice/css/front.minf801.css]
[wearecomplexcreative.com/wp-content/plugins/cookie-notice/js/front.min8dff.js]
[wearecomplexcreative.com/wp-json/wp/v2/pages/1317.json]
[wearecomplexcreative.com/wp-json/oembed/1.0/embed751d.json]
[wearecomplexcreative.com/wp-json/oembed/1.0/embedcc6f]
[wearecomplexcreative.com/wp-content/uploads/rc_desktop.webp]
[wearecomplexcreative.com/wp-content/uploads/dorsett-factsheet.webp]
[wearecomplexcreative.com/web-design-and-development/index.html]
[wearecomplexcreative.com/how-to-practice-sustainable-website-design/index.html]
[wearecomplexcreative.com/wp-content/uploads/healsgood.webp]
[wearecomplexcreative.com/design-agency/index.html]
[wearecomplexcreative.com/wp-content/uploads/podcast-youtube-mockup-1.webp]
[wearecomplexcreative.com/what-we-do/index.html]
[wearecomplexcreative.com/digital-marketing-agency/index.html]
[wearecomplexcreative.com/pr-services/index.html]
[wearecomplexcreative.com/wp-json/wp/v2/pages/3940.json]
[wearecomplexcreative.com/wp-json/oembed/1.0/embed47df.json]
[wearecomplexcreative.com/wp-json/oembed/1.0/embed705a]
[wearecomplexcreative.com/wp-content/uploads/careers-page-pic-1-2.webp]
[wearecomplexcreative.com/wp-content/uploads/bulgaria-1.webp]
[wearecomplexcreative.com/wp-content/uploads/mencap-1-e1673289813399-1.webp]
[wearecomplexcreative.com/wp-content/uploads/macmillan-1.webp]
[wearecomplexcreative.com/wp-content/uploads/dorsett_hotel_resort_logo-1.webp]
[wearecomplexcreative.com/careers/index.html]
[wearecomplexcreative.com/careers/creative-lead/index.html]
[wearecomplexcreative.com/careers/wordpress-developer/index.html]
[wearecomplexcreative.com/careers/digital-marketing-assistant/index.html]
[wearecomplexcreative.com/wp-json/wp/v2/pages/3989.json]
[wearecomplexcreative.com/careers/executive-assistant/index.html]
[wearecomplexcreative.com/careers/account-project-manager/index.html]
[wearecomplexcreative.com/wp-json/oembed/1.0/embedd880.json]
[wearecomplexcreative.com/wp-json/oembed/1.0/embed1c06]
[wearecomplexcreative.com/wp-content/uploads/ref-scheme-1.webp]
[wearecomplexcreative.com/wp-content/uploads/ref-scheme-2.webp]
[wearecomplexcreative.com/referral-scheme/index.html]
[embed.typeform.com/next/embed.js]
[wearecomplexcreative.com/wp-json/wp/v2/pages/1230.json]
[wearecomplexcreative.com/wp-json/oembed/1.0/embed3e30.json]
[wearecomplexcreative.com/wp-json/oembed/1.0/embed3c60]
[wearecomplexcreative.com/wp-content/uploads/mencap.webp]
[wearecomplexcreative.com/wp-content/uploads/macmillan_.webp]
[wearecomplexcreative.com/wp-content/uploads/RSPCA-CL-white@2x.webp]
[wearecomplexcreative.com/wp-content/uploads/unicef.webp]
[wearecomplexcreative.com/wp-content/uploads/Group-452@2x.webp]
[wearecomplexcreative.com/wp-content/uploads/proo-1.webp]
[wearecomplexcreative.com/wp-content/uploads/like-the-sound-of-giving-back-image-1.webp]
[wearecomplexcreative.com/pro-bono/index.html]
[wearecomplexcreative.com/wp-json/wp/v2/pages/4112.json]
[wearecomplexcreative.com/wp-json/oembed/1.0/embedad54.json]
[wearecomplexcreative.com/terms-and-conditions/index.html]
[wearecomplexcreative.com/wp-json/oembed/1.0/embed1e4d]
[wearecomplexcreative.com/wp-json/wp/v2/pages/5793.json]
[wearecomplexcreative.com/wp-json/oembed/1.0/embed2ed6.json]
[wearecomplexcreative.com/wp-json/oembed/1.0/embedc4aa]
[wearecomplexcreative.com/terms-of-business/index.html]
[wearecomplexcreative.com/wp-json/wp/v2/pages/4115.json]
[wearecomplexcreative.com/wp-json/oembed/1.0/embed8889.json]
[wearecomplexcreative.com/wp-json/oembed/1.0/embeda5f8]
[wearecomplexcreative.com/privacy-notice/index.html]
[wearecomplexcreative.com/wp-json/wp/v2/pages/4118.json]
[wearecomplexcreative.com/wp-json/oembed/1.0/embedd054.json]
[wearecomplexcreative.com/wp-json/oembed/1.0/embedb939]
[wearecomplexcreative.com/cookie-policy/index.html]
[wearecomplexcreative.com/wp-json/wp/v2/pages/1674.json]
[wearecomplexcreative.com/wp-json/oembed/1.0/embed419c.json]
[wearecomplexcreative.com/wp-json/oembed/1.0/embed864e]
[wearecomplexcreative.com/wp-content/uploads/giving-back-probono-image-1-2.webp]
[wearecomplexcreative.com/wp-content/uploads/sustainabilty-image.webp]
[wearecomplexcreative.com/giving-back/index.html]
[wearecomplexcreative.com/wp-content/uploads/Sustainability.jpg]
[wearecomplexcreative.com/wp-json/wp/v2/posts/3792.json]
[wearecomplexcreative.com/wp-json/oembed/1.0/embed9220.json]
[wearecomplexcreative.com/wp-json/oembed/1.0/embedea19]
[wearecomplexcreative.com/wp-content/themes/cc-new/dist/img/social/dark/twitter.webp]
[wearecomplexcreative.com/wp-content/themes/cc-new/dist/img/social/light/twitter.svg]
[wearecomplexcreative.com/category/sustainability/index.html]
[wearecomplexcreative.com/charity-dinner/index.html]
[wearecomplexcreative.com/wp-content/themes/cc-new/dist/img/social/dark/facebook.webp]
[wearecomplexcreative.com/wp-content/themes/cc-new/dist/img/social/light/facebook.svg]
[wearecomplexcreative.com/wp-content/themes/cc-new/dist/img/social/dark/linkedin.webp]
[wearecomplexcreative.com/wp-content/themes/cc-new/dist/img/social/light/linkedin.svg]
[wearecomplexcreative.com/wp-content/uploads/3-Pillars-of-Sustainability.png]
[wearecomplexcreative.com/wp-content/uploads/plastic-from-ocean_-1-1.jpg]
[wearecomplexcreative.com/wp-content/uploads/sbs_blog_graphic_logo_right-V2.jpg]
[wearecomplexcreative.com/wp-content/uploads/CC-Ecologi-Page-1-1-1920x940.jpg]
[wearecomplexcreative.com/what-is-sustainability-and-why-is-it-important/index.html]
[wearecomplexcreative.com/wp-json/wp/v2/pages/520.json]
[wearecomplexcreative.com/wp-json/oembed/1.0/embed554e.json]
[wearecomplexcreative.com/wp-json/oembed/1.0/embed1517]
[wearecomplexcreative.com/wp-content/uploads/contact-us.webp]
[wearecomplexcreative.com/wp-content/uploads/project-in-mind-1.webp]
[wearecomplexcreative.com/contact/index.html]
[wearecomplexcreative.com/wp-content/plugins/cookie-notice/css/front.minf801.css]
[cdnjs.cloudflare.com/ajax/libs/lottie-player/1.6.0/lottie-player.js]
[wordpressagency.Islamabad/new-cc-website/wp-content/uploads/Practice-Sustainable-Web.a2.delayed]
[wearecomplexcreative.com/wp-json/wp/v2/posts/3334.json]
[wearecomplexcreative.com/wp-json/oembed/1.0/embedbb61.json]
[wearecomplexcreative.com/wp-json/oembed/1.0/embedda13]
[wearecomplexcreative.com/wp-content/uploads/Practice-Sustainable-Web.jpg]
[wearecomplexcreative.com/category/websites/index.html]
[wearecomplexcreative.com/wp-content/uploads/practice-sustainability.webp]
[wearecomplexcreative.com/wp-content/uploads/practice-sustainability-2.webp]
[wearecomplexcreative.com/how-to-practice-sustainable-website-design/index.html]
[wearecomplexcreative.com/wp-json/wp/v2/pages/5047.json]
[wearecomplexcreative.com/wp-json/oembed/1.0/embedd88a.json]
[wearecomplexcreative.com/wp-json/oembed/1.0/embed65f1]
[wearecomplexcreative.com/wp-content/uploads/web_dev-1.webp]
[wearecomplexcreative.com/wp-content/uploads/1.svg]
[wearecomplexcreative.com/wp-content/uploads/No.2.svg]
[wearecomplexcreative.com/wp-content/uploads/No.3.svg]
[wearecomplexcreative.com/wp-content/uploads/No.4.svg]
[wearecomplexcreative.com/wp-content/uploads/ballie-1.svg]
[wearecomplexcreative.com/wp-content/uploads/ballie_bg.webp]
[wearecomplexcreative.com/wp-content/uploads/puzzle-post-logo-white.svg]
[wearecomplexcreative.com/wp-content/uploads/puzzle_post.webp]
[wearecomplexcreative.com/wp-content/uploads/Katherine-Maskell-Logo-horizontal-white.svg]
[wearecomplexcreative.com/wp-content/uploads/katherine.webp]
[wearecomplexcreative.com/wp-content/uploads/branding-mockup-1.webp]
[wearecomplexcreative.com/wp-content/uploads/digital-marketing-mockup.webp]
[wearecomplexcreative.com/wp-content/uploads/pr-mockup.webp]
[wearecomplexcreative.com/web-design-and-development/index.html]
[wearecomplexcreative.com/wp-json/wp/v2/pages/4488.json]
[wearecomplexcreative.com/wp-json/oembed/1.0/embed5091.json]
[wearecomplexcreative.com/wp-json/oembed/1.0/embedca49]
[wearecomplexcreative.com/wp-content/uploads/design-1.webp]
[wearecomplexcreative.com/wp-content/uploads/wrok-and-play-logo.svg]
[wearecomplexcreative.com/wp-content/uploads/Rectangle-18.png]
[wearecomplexcreative.com/wp-content/uploads/Layer-1.svg]
[wearecomplexcreative.com/wp-content/uploads/axewoods_bg-1.webp]
[wearecomplexcreative.com/wp-content/uploads/AFAM-1.svg]
[wearecomplexcreative.com/wp-content/uploads/AFAM_bg.webp]
[wearecomplexcreative.com/wp-content/uploads/wordpress-websites-mockup.webp]
[wearecomplexcreative.com/design-agency/index.html]
[wearecomplexcreative.com/wp-json/wp/v2/pages/5057.json]
[wearecomplexcreative.com/wp-json/oembed/1.0/embed8914.json]
[wearecomplexcreative.com/wp-json/oembed/1.0/embed7143]
[wearecomplexcreative.com/wp-content/uploads/marketing-sabrina-1.webp]
[wearecomplexcreative.com/wp-content/uploads/fcf-1.svg]
[wearecomplexcreative.com/wp-content/uploads/fcf-1.webp]
[wearecomplexcreative.com/wp-content/uploads/work-and-play-testimonials-1.webp]
[wearecomplexcreative.com/wp-content/uploads/AFAM_bg-1.webp]
[wearecomplexcreative.com/digital-marketing-agency/index.html]
[wearecomplexcreative.com/wp-json/wp/v2/pages/5100.json]
[wearecomplexcreative.com/wp-json/oembed/1.0/embed8ad4.json]
[wearecomplexcreative.com/wp-json/oembed/1.0/embed33d2]
[wearecomplexcreative.com/wp-content/uploads/pr-1.webp]
[wearecomplexcreative.com/wp-content/uploads/Abundant-sun-full-logo-white.svg]
[wearecomplexcreative.com/wp-content/uploads/abundant_sun.webp]
[wearecomplexcreative.com/wp-content/uploads/fcf.webp]
[wearecomplexcreative.com/pr-services/index.html]
[wearecomplexcreative.com/careers/creative-lead/index.html]
[wearecomplexcreative.com/careers/wordpress-developer/index.html]
[wearecomplexcreative.com/careers/digital-marketing-assistant/index.html]
[wearecomplexcreative.com/careers/executive-assistant/index.html]
[wearecomplexcreative.com/careers/account-project-manager/index.html]
[wearecomplexcreative.com/referral-scheme/popover.d5.delayed]
[wearecomplexcreative.com/referral-scheme/popup.css]
[wearecomplexcreative.com/referral-scheme/sidetab.css]
[wearecomplexcreative.com/referral-scheme/slider.css]
[wearecomplexcreative.com/referral-scheme/widget.css]
[wearecomplexcreative.com/e-commerce-guide-to-christmas/index.html]
[wearecomplexcreative.com/referral-scheme/window.location.db.delayed]
[embed.typeform.com/next/embed.js]
[wearecomplexcreative.com/charity-dinner/index.html]
[wearecomplexcreative.com/wp-json/wp/v2/categories/32.json]
[wearecomplexcreative.com/blog/index.html]
[wearecomplexcreative.com/_https_/www.searchenginewatch.com/2017/05/19/how-video-impacts-mobile-web-performance-and-ux-part-2-autoplay-and-audio/index.html]
[wearecomplexcreative.com/_https_/fonts.google.com/knowledge/glossary/system_font_web_safe_font/index.html]
[wearecomplexcreative.com/_https_/unfccc.int/climate-action/race-to-zero-campaign/index.html]
[wearecomplexcreative.com/_https_/www.gov.uk/government/publications/net-zero-strategy/index.html]
[wearecomplexcreative.com/_https_/www.littlelives.org.uk/donate/donate-electronics-free-charity-collection/index.html]
[wearecomplexcreative.com/_https_/www.towerhamlets.gov.uk/lgnl/environment_and_waste/recycling_and_waste/a-z_recycling_guide.aspx/index.html]
[wearecomplexcreative.com/_https_/www.backmarket.co.uk/en-gb/index.html]
[wearecomplexcreative.com/_https_/www.gumtree.com/index.html]
[wearecomplexcreative.com/_https_/www.preloved.co.uk/index.html]
[wearecomplexcreative.com/_https_/wearecomplexcreative.com/wp-content/uploads/airplane-carbon-emissions.webp/index.html]
[wearecomplexcreative.com/_https_/www.gov.uk/government/news/cycle-to-work-scheme/index.html]
[wearecomplexcreative.com/_https_/uk.mer.eco/news/a-2021-guide-to-government-incentives-grants-for-evs/index.html]
[wearecomplexcreative.com/_https_/www.ofgem.gov.uk/environmental-and-social-schemes/renewable-energy-guarantees-origin-rego/index.html]
[wearecomplexcreative.com/_https_/www.iso.org/iso-14001-environmental-management.html/index.html]
[wearecomplexcreative.com/_https_/wearecomplexcreative.com/wp-content/uploads/green-hosting.webp/index.html]
[wearecomplexcreative.com/_https_/wearecomplexcreative.com/what-is-sustainable-web-design/_sustainable]
[wearecomplexcreative.com/_http_/websitecarbon.com/index.html]
[wearecomplexcreative.com/_https_/uk.whogivesacrap.org/index.html]
[wearecomplexcreative.com/_http_/www.fao.org/3/i3437e/i3437e.pdf/index.html]
[wearecomplexcreative.com/_https_/ecologi.com/complexcreativedb13]
[wearecomplexcreative.com/_https_/www.milliontreepledge.org/index.html]
[wearecomplexcreative.com/_https_/www.hostinger.co.uk/tutorials/what-is-web-hosting/index.html]
[wearecomplexcreative.com/_https_/google.com/index.html]
[wearecomplexcreative.com/_https_/www.instituteforgovernment.org.uk/explainer/cost-living-crisis/index.html]
[wearecomplexcreative.com/_https_/www.thegreenwebfoundation.org/directory/index.html]
[wearecomplexcreative.com/_https_/krystal.uk/index.html]
[wearecomplexcreative.com/_https_/milliontreepledge.org/index.html]
[wearecomplexcreative.com/_https_/wearecomplexcreative.com/why-are-we-re-designing-our-own-website/_We/u2019ve]
[wearecomplexcreative.com/_https_/wearecomplexcreative.com/wp-content/uploads/practice-sustainability.webp/index.html]
[wearecomplexcreative.com/_https_/www.sustainablewebmanifesto.com/_Sustainable]
[wearecomplexcreative.com/_https_/www.wholegraindigital.com/_Wholegrain]
[wearecomplexcreative.com/_https_/affiliate.k.io/go/YQr4uq8ezF/_hosting]
[wearecomplexcreative.com/_https_/affiliate.k.io/go/YQr4uq8ezF/_Krystal,/a]
[wearecomplexcreative.com/_http_/tinypng.com/_TinyPNG/a/r/n/r/nThe]
[wearecomplexcreative.com/_https_/blog.hubspot.com/website/web-safe-html-css-fonts/_18]
[wearecomplexcreative.com/_https_/wearecomplexcreative.com/wp-content/uploads/practice-sustainability-2.webp/index.html]
[wearecomplexcreative.com/_https_/abookapart.com/products/sustainable-web-design/_Tom]
[wearecomplexcreative.com/_https_/bima.co.uk/councils/sustainability/_BIMA]
[wearecomplexcreative.com/_https_/thegreenpages.bima.co.uk/_we]
[wearecomplexcreative.com/_https_/websitecarbon.com/_Website]
[wearecomplexcreative.com/_https_/www.websitecarbon.com/index.html]
[wearecomplexcreative.com/_https_/www.wired.co.uk/article/internet-carbon-footprint]
[wearecomplexcreative.com/_https_/wearecomplexcreative.com/what-is-sustainable-web-design/_here/a.&nbsp;/p/n!--]
[wearecomplexcreative.com/_https_/emagazine.com/whats-the-impact-of-non-recycled-e-waste-on-the-planet/index.html]
[wearecomplexcreative.com/_https_/www.globenewswire.com/en/news-release/2022/08/02/2490661/0/en/Global-Online-Video-Platforms-Market-Drives-over-80-of-Total-Internet-Traffic-Skyquest-Technology.html/index.html]
[wearecomplexcreative.com/_https_/theshiftproject.org/en/article/unsustainable-use-online-video/index.html]
[wearecomplexcreative.com/_https_/www.sciencefocus.com/planet-earth/the-thought-experiment-what-is-the-carbon-footprint-of-an-email/index.html]
[wearecomplexcreative.com/category/sustainability/index.html]
[wearecomplexcreative.com/wp-content/themes/cc-new/dist/img/social/light/twitter.svg]
[wearecomplexcreative.com/wp-content/themes/cc-new/dist/img/social/light/facebook.svg]
[wearecomplexcreative.com/wp-content/themes/cc-new/dist/img/social/light/linkedin.svg]
[wordpressagency.Islamabad/new-cc-website/wp-content/uploads/Practice-Sustainable-Web.html]
[wearecomplexcreative.com/_https_/wearecomplexcreative.com/wp-content/uploads/digital-footprint-laptop.webp/index.html]
[wearecomplexcreative.com/wp-json/wp/v2/categories/27.json]
[wearecomplexcreative.com/_https_/wordpresshosting.support/index.html]
[wearecomplexcreative.com/_https_/blog.hubspot.com/website/wordpress-stats/_43.2%]
[wearecomplexcreative.com/_https_/kinsta.com/blog/wordpress-statistics/_database]
[wearecomplexcreative.com/_https_/wearecomplexcreative.com/wp-content/uploads/Plugins-1-800x423.webp/index.html]
[wearecomplexcreative.com/_http_/pagespeed.web.dev/_Google/u2019s]
[wearecomplexcreative.com/_https_/wearecomplexcreative.com/wp-content/uploads/Favicons-1-800x480.webp/index.html]
[wearecomplexcreative.com/_https_/wearecomplexcreative.com/wp-content/uploads/Permalinks-1.webp/index.html]
[wearecomplexcreative.com/_https_/wearecomplexcreative.com/wp-content/uploads/SEV-800x480.webp/index.html]
[wearecomplexcreative.com/_https_/wordpresshosting.support/_WordPress]
[wearecomplexcreative.com/_https_/wearecomplexcreative.com/our-top-5-ways-to-speed-up-a-wordpress-website/_you]
[wearecomplexcreative.com/_https_/wearecomplexcreative.com/essential-ux-elements-for-a-sucessful-ecommerce-website/_user]
[wearecomplexcreative.com/_https_/wearecomplexcreative.com/woocommerce-v-shopify/_e-commerce/a]
[wearecomplexcreative.com/_https_/wearecomplexcreative.com/how-will-marketing-change-in-a-recession/_cost]
[wearecomplexcreative.com/_https_/wearecomplexcreative.com/15-essentials-for-your-ecommerce-website/_this]
[wearecomplexcreative.com/_https_/www.discogs.com/artist/315640-Mikhail-Alperin/index.html]
[wearecomplexcreative.com/_https_/make.wordpress.org/design/2022/09/07/tt3-default-theme-announcing-style-variation-selections/index.html]
[wearecomplexcreative.com/_https_/make.wordpress.org/core/2022/10/11/wordpress-6-1-accessibility-improvements/index.html]
[wearecomplexcreative.com/_https_/lh3.googleusercontent.com/7X953YWYFdG8ibFpVrmn_i9RTkqrbQYRtWn-QGSrH4wgMpu/index.html]
[wearecomplexcreative.com/_https_/lh4.googleusercontent.com/e8eJoHQn7ymzQfbbqpQlI6XH44iE8NUB_rgaKCT672h3U2u/index.html]
[wearecomplexcreative.com/_https_/make.wordpress.org/core/2022/10/04/block-based-template-parts-in-traditional-themes/index.html]
[wearecomplexcreative.com/_https_/wearecomplexcreative.com/our-top-5-ways-to-speed-up-a-wordpress-website/_here/a]
[wearecomplexcreative.com/_https_/make.wordpress.org/core/2022/10/11/performance-field-guide-for-wordpress-6-1/index.html]
[wearecomplexcreative.com/_https_/wordpress.org/documentation/wordpress-version/version-6-1/index.html]
[wearecomplexcreative.com/_https_/www.shopify.co.uk/index.html]
[wearecomplexcreative.com/_https_/themes.shopify.com/themes/index.html]
[wearecomplexcreative.com/_https_/themeforest.net/category/wordpress/ecommerce/_Themeforest]
[wearecomplexcreative.com/_https_/wearecomplexcreative.com/wp-content/uploads/online-shopping.webp/index.html]
[wearecomplexcreative.com/_https_/apps.shopify.com/_each]
[wearecomplexcreative.com/_https_/wearecomplexcreative.com/wp-content/uploads/shopping.webp/index.html]
[wearecomplexcreative.com/_https_/apps.shopify.com/searchc9d5]
[wearecomplexcreative.com/_https_/wearecomplexcreative.com/10-seo-tips-you-can-do-yourself/_DIY]
[wearecomplexcreative.com/category/websites/_mailto_hello@wearecomplexcreative.com/__get]
[wearecomplexcreative.com/category/websites/index.html]
[wearecomplexcreative.com/wp-content/uploads/1.svg]
[wearecomplexcreative.com/wp-content/uploads/No.2.svg]
[wearecomplexcreative.com/wp-content/uploads/No.3.svg]
[wearecomplexcreative.com/wp-content/uploads/No.4.svg]
[wearecomplexcreative.com/wp-content/uploads/ballie-1.svg]
[wearecomplexcreative.com/wp-content/uploads/puzzle-post-logo-white.svg]
[wearecomplexcreative.com/wp-content/uploads/Katherine-Maskell-Logo-horizontal-white.svg]
[wearecomplexcreative.com/wp-content/uploads/wrok-and-play-logo.svg]
[wearecomplexcreative.com/wp-content/uploads/Layer-1.svg]
[wearecomplexcreative.com/wp-content/uploads/AFAM-1.svg]
[wearecomplexcreative.com/wp-content/uploads/fcf-1.svg]
[wearecomplexcreative.com/wp-content/uploads/Abundant-sun-full-logo-white.svg]
[wearecomplexcreative.com/referral-scheme/popover.html]
[wearecomplexcreative.com/referral-scheme/popup.html]
[wearecomplexcreative.com/referral-scheme/sidetab.html]
[wearecomplexcreative.com/referral-scheme/slider.html]
[wearecomplexcreative.com/referral-scheme/widget.html]
[wearecomplexcreative.com/wp-content/uploads/e-commerce-guide-to-xmas-780x520-1.webp]
[wearecomplexcreative.com/wp-json/wp/v2/posts/3934.json]
[wearecomplexcreative.com/wp-json/oembed/1.0/embed26bc.json]
[wearecomplexcreative.com/e-commerce-guide-to-christmas/index.html]
[wearecomplexcreative.com/wp-json/oembed/1.0/embed730d]
[wearecomplexcreative.com/referral-scheme/window.location.html]
[wearecomplexcreative.com/essential-ux-elements-for-a-sucessful-ecommerce-website/index.html]
[wearecomplexcreative.com/woocommerce-v-shopify/index.html]
[wearecomplexcreative.com/how-will-marketing-change-in-a-recession/index.html]
[wearecomplexcreative.com/our-top-5-ways-to-speed-up-a-wordpress-website/index.html]
[embed.typeform.com/next/css/index.html]
[wearecomplexcreative.com/15-essentials-for-your-ecommerce-website/index.html]
[wearecomplexcreative.com/wp-json/wp/v2/pages/1522.json]
[wearecomplexcreative.com/wp-json/oembed/1.0/embed24b2.json]
[wearecomplexcreative.com/wp-json/oembed/1.0/embedf6bf]
[wearecomplexcreative.com/_https_/sproutsocial.com/insights/data/social-media-connection/_70%]
[wearecomplexcreative.com/_https_/consumergoods.com/new-research-shows-consumers-more-interested-brands-values-ever/_82%]
[wearecomplexcreative.com/_https_/www.linkedin.com/business/marketing/blog/linkedin-pages/linkedin-page-vs-personal-page/_LinkedIn]
[wearecomplexcreative.com/_https_/www.investopedia.com/the-great-resignation-5199074/_Great]
[wearecomplexcreative.com/_https_/www.theguardian.com/commentisfree/2022/sep/08/quiet-quitting-not-real-work-culture/_Quiet]
[wearecomplexcreative.com/_https_/edition.cnn.com/2023/04/25/business/layoffs-2023/index.html/_big]
[wearecomplexcreative.com/_https_/wearecomplexcreative.com/wp-content/uploads/who-we-are-looking-800x534.webp/index.html]
[wearecomplexcreative.com/_https_/wearecomplexcreative.com/sustainability/_sustainability]
[wearecomplexcreative.com/_https_/wearecomplexcreative.com/pro-bono/_pro-bono]
[wearecomplexcreative.com/_https_/wearecomplexcreative.com/charity-dinner/_charity]
[wearecomplexcreative.com/blog/_mailto_careers@wearecomplexcreative.com_careers@wearecomplexcreative.com/a/n/nFor]
[wearecomplexcreative.com/_https_/wearecomplexcreative.com/careers/_careers]
[wearecomplexcreative.com/_https_/www.linkedin.com/posts/sabrinachevannes_how-chat-gpt-can-replace-your-employees-activity-7018138984664948736-e31H1009]
[wearecomplexcreative.com/_https_/wearecomplexcreative.com/wp-content/uploads/Post-Image-1.webp/index.html]
[wearecomplexcreative.com/_https_/www.frontify.com/en/blog/the-age-of-authenticity-why-brands-need-to-get-real/_90%]
[wearecomplexcreative.com/_https_/yougov.co.uk/topics/resources/articles-reports/2022/03/18/62-social-media-users-trust-influencers-more-celeb/_62%]
[wearecomplexcreative.com/_https_/www.retailtouchpoints.com/topics/consumer-trends/harris-poll-82-of-consumers-want-a-brands-values-to-align-with-their-own/_recent]
[wearecomplexcreative.com/_https_/bcorporation.uk/reinventing-business/by-b-lab-uk/celebrating-5-000-b-corps/_now]
[wearecomplexcreative.com/_https_/www.thedrum.com/opinion/2022/09/22/hyper-personalization-here-how-can-brands-use-it-boost-retail-results/_so]
[wearecomplexcreative.com/_https_/www.mckinsey.com/industries/retail/our-insights/personalizing-the-customer-experience-driving-differentiation-in-retail/_recent]
[wearecomplexcreative.com/_https_/wearecomplexcreative.com/wp-content/uploads/Post-Image-2-800x534.webp/index.html]
[wearecomplexcreative.com/_https_/www.statista.com/statistics/278414/number-of-worldwide-social-network-users/_Social]
[wearecomplexcreative.com/_https_/guce.techcrunch.com/copyConsent603f]
[wearecomplexcreative.com/_https_/wearecomplexcreative.com/wp-content/uploads/graph-800x506.webp/index.html]
[wearecomplexcreative.com/_https_/www.retailtouchpoints.com/topics/retail-store-design/ikea-space-unfolded-pop-up-provides-shoppers-with-ar-powered-design-experience/_brands]
[wearecomplexcreative.com/_https_/www.adroll.com/blog/augmented-and-virtual-reality-in-marketing/_cost-effective]
[wearecomplexcreative.com/_https_/www.thinkwithgoogle.com/intl/en-gb/future-of-marketing/privacy-and-trust/research-customer-expectations-ads-privacy/_Google]
[wearecomplexcreative.com/wp-content/uploads/top-10-marketing-1.webp]
[wearecomplexcreative.com/_https_/wearecomplexcreative.com/wp-content/uploads/analytics-ai-800x533.webp/index.html]
[wearecomplexcreative.com/category/marketing/index.html]
[wearecomplexcreative.com/wp-content/uploads/marketing-recession-blog-780x520-1.webp]
[wearecomplexcreative.com/10-marketing-trends-you-can-expect-to-see-in-2023/index.html]
[wearecomplexcreative.com/wp-content/uploads/tiktok-blog-1-780x520-1.webp]
[wearecomplexcreative.com/wp-content/uploads/15-Biggest-WordPress-Mistakes-of-2022.webp]
[wearecomplexcreative.com/should-your-business-be-on-tiktok/index.html]
[wearecomplexcreative.com/15-biggest-wordpress-mistakes-of-2022/index.html]
[wearecomplexcreative.com/wp-content/uploads/Featured-Image-Hiring.webp]
[wearecomplexcreative.com/why-are-we-re-designing-our-own-website/index.html]
[wearecomplexcreative.com/wp-content/uploads/circuit-board-and-ai-micro-processor-artificial-i.webp]
[wearecomplexcreative.com/blog/index.html]
[wearecomplexcreative.com/_https_/www.searchenginewatch.com/2017/05/19/how-video-impacts-mobile-web-performance-and-ux-part-2-autoplay-and-audio/index.html]
[wearecomplexcreative.com/_https_/fonts.google.com/knowledge/glossary/system_font_web_safe_font/index.html]
[wearecomplexcreative.com/_https_/unfccc.int/climate-action/race-to-zero-campaign/index.html]
[wearecomplexcreative.com/_https_/www.gov.uk/government/publications/net-zero-strategy/index.html]
[wearecomplexcreative.com/_https_/www.littlelives.org.uk/donate/donate-electronics-free-charity-collection/index.html]
[wearecomplexcreative.com/_https_/www.towerhamlets.gov.uk/lgnl/environment_and_waste/recycling_and_waste/a-z_recycling_guide.aspx/index.html]
[wearecomplexcreative.com/_https_/www.backmarket.co.uk/en-gb/index.html]
[wearecomplexcreative.com/_https_/www.gumtree.com/index.html]
[wearecomplexcreative.com/_https_/www.preloved.co.uk/index.html]
[wearecomplexcreative.com/_https_/wearecomplexcreative.com/wp-content/uploads/airplane-carbon-emissions.webp/index.html]
[wearecomplexcreative.com/_https_/www.gov.uk/government/news/cycle-to-work-scheme/index.html]
[wearecomplexcreative.com/_https_/uk.mer.eco/news/a-2021-guide-to-government-incentives-grants-for-evs/index.html]
[wearecomplexcreative.com/_https_/www.ofgem.gov.uk/environmental-and-social-schemes/renewable-energy-guarantees-origin-rego/index.html]
[wearecomplexcreative.com/_https_/www.iso.org/iso-14001-environmental-management.html/index.html]
[wearecomplexcreative.com/_https_/wearecomplexcreative.com/wp-content/uploads/green-hosting.webp/index.html]
[wearecomplexcreative.com/_https_/wearecomplexcreative.com/what-is-sustainable-web-design/_sustainable.html]
[wearecomplexcreative.com/_http_/websitecarbon.com/index.html]
[wearecomplexcreative.com/_https_/uk.whogivesacrap.org/index.html]
[wearecomplexcreative.com/_http_/www.fao.org/3/i3437e/i3437e.pdf/index.html]
[wearecomplexcreative.com/_https_/ecologi.com/complexcreativedb13.html]
[wearecomplexcreative.com/_https_/www.milliontreepledge.org/index.html]
[wearecomplexcreative.com/_https_/www.hostinger.co.uk/tutorials/what-is-web-hosting/index.html]
[wearecomplexcreative.com/_https_/google.com/index.html]
[wearecomplexcreative.com/_https_/www.instituteforgovernment.org.uk/explainer/cost-living-crisis/index.html]
[wearecomplexcreative.com/complex-creative-is-hiring/index.html]
[wearecomplexcreative.com/_https_/www.forbes.com/sites/forbestechcouncil/2017/12/15/why-energy-is-a-big-and-rapidly-growing-problem-for-data-centers/index35d8.html]
[wearecomplexcreative.com/_https_/www.thegreenwebfoundation.org/directory/index.html]
[wearecomplexcreative.com/_https_/krystal.uk/index.html]
[wearecomplexcreative.com/_https_/milliontreepledge.org/index.html]
[wearecomplexcreative.com/_https_/wearecomplexcreative.com/why-are-we-re-designing-our-own-website/_We/u2019ve.html]
[wearecomplexcreative.com/_https_/wearecomplexcreative.com/wp-content/uploads/practice-sustainability.webp/index.html]
[wearecomplexcreative.com/_https_/www.sustainablewebmanifesto.com/_Sustainable.html]
[wearecomplexcreative.com/_https_/www.wholegraindigital.com/_Wholegrain.html]
[wearecomplexcreative.com/_https_/affiliate.k.io/go/YQr4uq8ezF/_hosting.html]
[wearecomplexcreative.com/_https_/affiliate.k.io/go/YQr4uq8ezF/_Krystal,/a.html]
[wearecomplexcreative.com/_http_/tinypng.com/_TinyPNG/a/r/n/r/nThe.html]
[wearecomplexcreative.com/_https_/blog.hubspot.com/website/web-safe-html-css-fonts/_18.html]
[wearecomplexcreative.com/_https_/wearecomplexcreative.com/wp-content/uploads/practice-sustainability-2.webp/index.html]
[wearecomplexcreative.com/_https_/abookapart.com/products/sustainable-web-design/_Tom.html]
[wearecomplexcreative.com/_https_/bima.co.uk/councils/sustainability/_BIMA.html]
[wearecomplexcreative.com/_https_/thegreenpages.bima.co.uk/_we.html]
[wearecomplexcreative.com/_https_/websitecarbon.com/_Website.html]
[wearecomplexcreative.com/_https_/www.websitecarbon.com/index.html]
[wearecomplexcreative.com/_https_/www.wired.co.uk/article/internet-carbon-footprint.html]
[wearecomplexcreative.com/_https_/wearecomplexcreative.com/what-is-sustainable-web-design/_here/a.&nbsp;/p/n!--.html]
[wearecomplexcreative.com/_https_/emagazine.com/whats-the-impact-of-non-recycled-e-waste-on-the-planet/index.html]
[wearecomplexcreative.com/_https_/www.backmarket.co.uk/en-gb/indexb38a.html]
[wearecomplexcreative.com/_https_/www.backmarket.co.uk/en-gb/index9740.html]
[wearecomplexcreative.com/_https_/www.globenewswire.com/en/news-release/2022/08/02/2490661/0/en/Global-Online-Video-Platforms-Market-Drives-over-80-of-Total-Internet-Traffic-Skyquest-Technology.html/index.html]
[wearecomplexcreative.com/_https_/theshiftproject.org/en/article/unsustainable-use-online-video/index.html]
[wearecomplexcreative.com/_https_/www.sciencefocus.com/planet-earth/the-thought-experiment-what-is-the-carbon-footprint-of-an-email/index.html]
[wearecomplexcreative.com/_https_/wearecomplexcreative.com/wp-content/uploads/digital-footprint-laptop.webp/index.html]
[wearecomplexcreative.com/_https_/wordpresshosting.support/index.html]
[wearecomplexcreative.com/_https_/blog.hubspot.com/website/wordpress-stats/_43.html]
[wearecomplexcreative.com/_https_/kinsta.com/blog/wordpress-statistics/_database.html]
[wearecomplexcreative.com/_https_/wearecomplexcreative.com/wp-content/uploads/Plugins-1-800x423.webp/index.html]
[wearecomplexcreative.com/_http_/pagespeed.web.dev/_Google/u2019s.html]
[wearecomplexcreative.com/_https_/wearecomplexcreative.com/wp-content/uploads/Favicons-1-800x480.webp/index.html]
[wearecomplexcreative.com/_https_/wearecomplexcreative.com/wp-content/uploads/Permalinks-1.webp/index.html]
[wearecomplexcreative.com/_https_/wearecomplexcreative.com/wp-content/uploads/SEV-800x480.webp/index.html]
[wearecomplexcreative.com/_https_/wordpresshosting.support/_WordPress.html]
[wearecomplexcreative.com/_https_/wearecomplexcreative.com/our-top-5-ways-to-speed-up-a-wordpress-website/_you.html]
[wearecomplexcreative.com/_https_/wearecomplexcreative.com/essential-ux-elements-for-a-sucessful-ecommerce-website/_user.html]
[wearecomplexcreative.com/_https_/wearecomplexcreative.com/woocommerce-v-shopify/_e-commerce/a.html]
[wearecomplexcreative.com/_https_/wearecomplexcreative.com/how-will-marketing-change-in-a-recession/_cost.html]
[wearecomplexcreative.com/_https_/wearecomplexcreative.com/15-essentials-for-your-ecommerce-website/_this.html]
[wearecomplexcreative.com/_https_/www.discogs.com/artist/315640-Mikhail-Alperin/index.html]
[wearecomplexcreative.com/_https_/make.wordpress.org/design/2022/09/07/tt3-default-theme-announcing-style-variation-selections/index.html]
[wearecomplexcreative.com/_https_/make.wordpress.org/core/2022/10/11/wordpress-6-1-accessibility-improvements/index.html]
[wearecomplexcreative.com/_https_/lh3.googleusercontent.com/7X953YWYFdG8ibFpVrmn_i9RTkqrbQYRtWn-QGSrH4wgMpu/index.html]
[wearecomplexcreative.com/_https_/lh4.googleusercontent.com/e8eJoHQn7ymzQfbbqpQlI6XH44iE8NUB_rgaKCT672h3U2u/index.html]
[wearecomplexcreative.com/_https_/make.wordpress.org/core/2022/10/04/block-based-template-parts-in-traditional-themes/index.html]
[wearecomplexcreative.com/_https_/wearecomplexcreative.com/our-top-5-ways-to-speed-up-a-wordpress-website/_here/a.html]
[wearecomplexcreative.com/_https_/make.wordpress.org/core/2022/10/11/performance-field-guide-for-wordpress-6-1/index.html]
[wearecomplexcreative.com/_https_/wordpress.org/documentation/wordpress-version/version-6-1/index.html]
[wearecomplexcreative.com/_https_/www.shopify.co.uk/index.html]
[wearecomplexcreative.com/_https_/themes.shopify.com/themes/index.html]
[wearecomplexcreative.com/_https_/themeforest.net/category/wordpress/ecommerce/_Themeforest.html]
[wearecomplexcreative.com/_https_/wearecomplexcreative.com/wp-content/uploads/online-shopping.webp/index.html]
[wearecomplexcreative.com/_https_/apps.shopify.com/_each.html]
[wearecomplexcreative.com/_https_/wearecomplexcreative.com/wp-content/uploads/shopping.webp/index.html]
[wearecomplexcreative.com/_https_/apps.shopify.com/searchc9d5.html]
[wearecomplexcreative.com/_https_/wearecomplexcreative.com/10-seo-tips-you-can-do-yourself/_DIY.html]
[wearecomplexcreative.com/category/websites/_mailto_hello@wearecomplexcreative.com/__get.html]
[wearecomplexcreative.com/category/news/index.html]
[wearecomplexcreative.com/wp-content/uploads/Speed-up-WP-site.jpg]
[wearecomplexcreative.com/how-to-effectively-use-ai-for-your-business/index.html]
[wearecomplexcreative.com/_https_/www.forbes.com/sites/forbestechcouncil/2017/12/15/why-energy-is-a-big-and-rapidly-growing-problem-for-data-centers/index4c08.html]
[wearecomplexcreative.com/wp-json/wp/v2/posts/3788.json]
[wearecomplexcreative.com/wp-json/oembed/1.0/embedf0b3.json]
[wearecomplexcreative.com/wp-json/oembed/1.0/embed14f0]
[wearecomplexcreative.com/wp-content/uploads/thisisengineering-raeng-zBLtU0zbJcU-unsplash.webp]
[wearecomplexcreative.com/wp-content/uploads/wordpress-plugins.webp]
[wearecomplexcreative.com/our-top-5-ways-to-speed-up-a-wordpress-website/index.html]
[wearecomplexcreative.com/what-is-sustainable-web-design/index.html]
[wordpressagency.Islamabad/new-cc-website/wp-content/uploads/ux-essentials-ecommerce.1fa.delayed]
[wearecomplexcreative.com/wp-json/wp/v2/posts/3648.json]
[wearecomplexcreative.com/wp-json/oembed/1.0/embeda934.json]
[wearecomplexcreative.com/wp-json/oembed/1.0/embeded0a]
[wearecomplexcreative.com/wp-content/uploads/ux-essentials-ecommerce.jpg]
[wearecomplexcreative.com/category/design/index.html]
[wearecomplexcreative.com/wp-content/uploads/coredna-ux.png]
[wearecomplexcreative.com/10-seo-tips-you-can-do-yourself/index.html]
[wearecomplexcreative.com/wp-content/uploads/asos-filter.png]
[wearecomplexcreative.com/essential-ux-elements-for-a-sucessful-ecommerce-website/index.html]
[wordpressagency.Islamabad/new-cc-website/wp-content/uploads/woocommerce-v-shopify.202.delayed]
[wearecomplexcreative.com/wp-json/wp/v2/posts/3698.json]
[wearecomplexcreative.com/wp-json/oembed/1.0/embed31a3.json]
[wearecomplexcreative.com/wp-json/oembed/1.0/embedcdfe]
[wearecomplexcreative.com/wp-content/uploads/woocommerce-v-shopify.jpg]
[wearecomplexcreative.com/wp-content/uploads/online-shopping.webp]
[wearecomplexcreative.com/wp-content/uploads/shopping.webp]
[wearecomplexcreative.com/woocommerce-v-shopify/index.html]
[wearecomplexcreative.com/wp-json/wp/v2/posts/3929.json]
[wearecomplexcreative.com/wp-json/oembed/1.0/embed9128.json]
[wearecomplexcreative.com/wp-json/oembed/1.0/embed98c4]
[wearecomplexcreative.com/how-will-marketing-change-in-a-recession/index.html]
[wearecomplexcreative.com/wp-content/uploads/ECommerce-essentials.jpg]
[wearecomplexcreative.com/wp-json/wp/v2/posts/2614.json]
[wearecomplexcreative.com/wp-json/oembed/1.0/embed8ddc.json]
[wearecomplexcreative.com/wp-json/oembed/1.0/embeddbdf]
[wearecomplexcreative.com/wp-content/uploads/Photographs-720x600-1.jpg]
[wearecomplexcreative.com/wp-content/uploads/Comparison-1-800x534.jpg]
[wearecomplexcreative.com/wp-content/uploads/Review-1-800x533.jpg]
[wearecomplexcreative.com/wp-content/uploads/Checkout-1-800x533.jpg]
[wearecomplexcreative.com/wp-content/uploads/GDPR-1-800x450.jpg]
[wearecomplexcreative.com/15-essentials-for-your-ecommerce-website/index.html]
[wearecomplexcreative.com/_https_/sproutsocial.com/insights/data/social-media-connection/_70%.html]
[wearecomplexcreative.com/_https_/consumergoods.com/new-research-shows-consumers-more-interested-brands-values-ever/_82%.html]
[wearecomplexcreative.com/_https_/www.linkedin.com/business/marketing/blog/linkedin-pages/linkedin-page-vs-personal-page/_LinkedIn.html]
[wearecomplexcreative.com/_https_/www.investopedia.com/the-great-resignation-5199074/_Great.html]
[wearecomplexcreative.com/_https_/www.theguardian.com/commentisfree/2022/sep/08/quiet-quitting-not-real-work-culture/_Quiet.html]
[wearecomplexcreative.com/_https_/edition.cnn.com/2023/04/25/business/layoffs-2023/index.html/_big.html]
[wearecomplexcreative.com/_https_/wearecomplexcreative.com/wp-content/uploads/who-we-are-looking-800x534.webp/index.html]
[wearecomplexcreative.com/_https_/wearecomplexcreative.com/sustainability/_sustainability.html]
[wearecomplexcreative.com/_https_/wearecomplexcreative.com/pro-bono/_pro-bono.html]
[wearecomplexcreative.com/_https_/wearecomplexcreative.com/charity-dinner/_charity.html]
[wearecomplexcreative.com/blog/_mailto_careers@wearecomplexcreative.com_careers@wearecomplexcreative.com/a/n/nFor.html]
[wearecomplexcreative.com/_https_/wearecomplexcreative.com/careers/_careers.html]
[wearecomplexcreative.com/_https_/www.linkedin.com/posts/sabrinachevannes_how-chat-gpt-can-replace-your-employees-activity-7018138984664948736-e31H1009.html]
[wearecomplexcreative.com/_https_/www.linkedin.com/posts/sabrinachevannes_how-chat-gpt-can-replace-your-employees-activity-7018138984664948736-e31H/indexe842.html]
[wearecomplexcreative.com/_https_/wearecomplexcreative.com/wp-content/uploads/Post-Image-1.webp/index.html]
[wearecomplexcreative.com/_https_/www.forbes.com/sites/garydrenik/2022/08/23/the-creator-economy-is-booming-heres-how-businesses-can-tap-into-its-potential/index23cc.html]
[wearecomplexcreative.com/_https_/www.frontify.com/en/blog/the-age-of-authenticity-why-brands-need-to-get-real/_90%.html]
[wearecomplexcreative.com/_https_/yougov.co.uk/topics/resources/articles-reports/2022/03/18/62-social-media-users-trust-influencers-more-celeb/_62%.html]
[wearecomplexcreative.com/_https_/www.retailtouchpoints.com/topics/consumer-trends/harris-poll-82-of-consumers-want-a-brands-values-to-align-with-their-own/_recent.html]
[wearecomplexcreative.com/_https_/bcorporation.uk/reinventing-business/by-b-lab-uk/celebrating-5-000-b-corps/_now.html]
[wearecomplexcreative.com/_https_/www.thedrum.com/opinion/2022/09/22/hyper-personalization-here-how-can-brands-use-it-boost-retail-results/_so.html]
[wearecomplexcreative.com/_https_/www.mckinsey.com/industries/retail/our-insights/personalizing-the-customer-experience-driving-differentiation-in-retail/_recent.html]
[wearecomplexcreative.com/_https_/wearecomplexcreative.com/wp-content/uploads/Post-Image-2-800x534.webp/index.html]
[wearecomplexcreative.com/_https_/www.statista.com/statistics/278414/number-of-worldwide-social-network-users/_Social.html]
[wearecomplexcreative.com/_https_/guce.techcrunch.com/copyConsent603f.html]
[wearecomplexcreative.com/_https_/wearecomplexcreative.com/wp-content/uploads/graph-800x506.webp/index.html]
[wearecomplexcreative.com/_https_/www.retailtouchpoints.com/topics/retail-store-design/ikea-space-unfolded-pop-up-provides-shoppers-with-ar-powered-design-experience/_brands.html]
[wearecomplexcreative.com/_https_/www.adroll.com/blog/augmented-and-virtual-reality-in-marketing/_cost-effective.html]
[wearecomplexcreative.com/_https_/www.thinkwithgoogle.com/intl/en-gb/future-of-marketing/privacy-and-trust/research-customer-expectations-ads-privacy/_Google.html]
[wearecomplexcreative.com/_https_/wearecomplexcreative.com/wp-content/uploads/analytics-ai-800x533.webp/index.html]
[wearecomplexcreative.com/top-20-marketing-trends-in-2021/index.html]
[wearecomplexcreative.com/_https_/www.linkedin.com/posts/sabrinachevannes_how-chat-gpt-can-replace-your-employees-activity-7018138984664948736-e31H/index95d3.html]
[wearecomplexcreative.com/wp-json/wp/v2/categories/26.json]
[wearecomplexcreative.com/_https_/www.forbes.com/sites/garydrenik/2022/08/23/the-creator-economy-is-booming-heres-how-businesses-can-tap-into-its-potential/index0ab8.html]
[wearecomplexcreative.com/_https_/www.ft.com/content/2fb6f361-a7bb-4b98-8100-6847b5df79b4/index.html]
[wearecomplexcreative.com/_https_/tradingeconomics.com/united-kingdom/consumer-confidence/index.html]
[wearecomplexcreative.com/_https_/www.google.com/searcheba5]
[wearecomplexcreative.com/_https_/www.orchard.co.uk/blog/the-impact-of-the-cost-of-living-crisis-on-the-marketing-sector-24703.aspx/index.html]
[wearecomplexcreative.com/_https_/www.oberlo.co.uk/blog/online-review-statistics/index.html]
[wearecomplexcreative.com/_https_/blog.ons.gov.uk/2020/09/18/how-the-covid-19-pandemic-has-accelerated-the-shift-to-online-spending/index.html]
[wearecomplexcreative.com/_https_/www.stylist.co.uk/beauty/the-ordinary-discount-deciem-closing-stores-website-black-friday/320482/index.html]
[wearecomplexcreative.com/_https_/www.outboundengine.com/blog/customer-retention-marketing-vs-customer-acquisition-marketing/index.html]
[wearecomplexcreative.com/_https_/www.litmus.com/resources/email-marketing-roi/_ROI]
[wearecomplexcreative.com/_https_/www.designrush.com/agency/digital-marketing/uk/Islamabad/index.html]
[wearecomplexcreative.com/_https_/wearecomplexcreative.com/wp-content/uploads/design-rush-top-digital-marketing.png/index.html]
[wearecomplexcreative.com/_https_/developers.google.com/search/blog/2022/08/helpful-content-update/index.html]
[wearecomplexcreative.com/_https_/wearecomplexcreative.com/what-is-black-hat-seo/_black]
[wearecomplexcreative.com/_https_/wearecomplexcreative.com/wp-content/uploads/seo-graphic-2.svg/_img]
[wearecomplexcreative.com/_https_/wearecomplexcreative.com/wp-content/uploads/seo-graphic-2.svg/index.html]
[wearecomplexcreative.com/_https_/developers.google.com/search/updates/ranking/index.html]
[wearecomplexcreative.com/_https_/developers.google.com/search/blog/2011/05/more-guidance-on-building-high-quality/index.html]
[wearecomplexcreative.com/_https_/developers.google.com/search/docs/advanced/guidelines/webmaster-guidelines/index.html]
[wearecomplexcreative.com/_https_/wearecomplexcreative.com/wp-content/uploads/audit-graphic.svg/_img]
[wearecomplexcreative.com/category/marketing/index.html]
[wearecomplexcreative.com/_https_/wearecomplexcreative.com/wp-content/uploads/audit-graphic.svg/index.html]
[wearecomplexcreative.com/wp-json/wp/v2/posts/5526.json]
[wearecomplexcreative.com/wp-json/oembed/1.0/embed4192.json]
[wearecomplexcreative.com/_https_/www.copy.ai/index.html]
[wearecomplexcreative.com/wp-json/oembed/1.0/embed6225]
[wearecomplexcreative.com/wp-content/uploads/Post-Image-1.webp]
[wearecomplexcreative.com/wp-content/uploads/Post-Image-2-800x534.webp]
[wearecomplexcreative.com/wp-content/uploads/graph-800x506.webp]
[wearecomplexcreative.com/10-marketing-trends-you-can-expect-to-see-in-2023/index.html]
[wearecomplexcreative.com/wp-json/wp/v2/posts/5374.json]
[wearecomplexcreative.com/wp-json/oembed/1.0/embede18f.json]
[wearecomplexcreative.com/wp-json/oembed/1.0/embed2b2b]
[wearecomplexcreative.com/should-your-business-be-on-tiktok/index.html]
[wearecomplexcreative.com/wp-json/wp/v2/posts/5654.json]
[wearecomplexcreative.com/wp-json/oembed/1.0/embedf72d.json]
[wearecomplexcreative.com/category/social-media/index.html]
[wearecomplexcreative.com/wp-json/oembed/1.0/embed269c]
[wearecomplexcreative.com/wp-content/uploads/Plugins-1-800x423.webp]
[wearecomplexcreative.com/wp-content/uploads/Favicons-1-800x480.webp]
[wearecomplexcreative.com/wp-content/uploads/Permalinks-1.webp]
[wearecomplexcreative.com/wp-content/uploads/SEV-800x480.webp]
[wearecomplexcreative.com/15-biggest-wordpress-mistakes-of-2022/index.html]
[wearecomplexcreative.com/wp-json/wp/v2/posts/3937.json]
[wearecomplexcreative.com/wp-json/oembed/1.0/embed2d78.json]
[wearecomplexcreative.com/wp-json/oembed/1.0/embed095e]
[wearecomplexcreative.com/why-are-we-re-designing-our-own-website/index.html]
[wearecomplexcreative.com/wp-json/wp/v2/categories/25.json]
[wearecomplexcreative.com/category/news/_mailto_careers@wearecomplexcreative.com_careers@wearecomplexcreative.com/a/n/nFor]
[wearecomplexcreative.com/category/news/index.html]
[wearecomplexcreative.com/wp-json/wp/v2/posts/5807.json]
[wearecomplexcreative.com/wp-json/oembed/1.0/embedd461.json]
[wearecomplexcreative.com/wp-json/oembed/1.0/embedbc66]
[wearecomplexcreative.com/wp-content/uploads/who-we-are-looking-800x534.webp]
[wearecomplexcreative.com/complex-creative-is-hiring/index.html]
[wearecomplexcreative.com/wp-json/wp/v2/posts/5629.json]
[wearecomplexcreative.com/wp-json/oembed/1.0/embede21f.json]
[wearecomplexcreative.com/wp-json/oembed/1.0/embed354a]
[wearecomplexcreative.com/wp-content/uploads/analytics-ai-800x533.webp]
[wearecomplexcreative.com/how-to-effectively-use-ai-for-your-business/index.html]
[wearecomplexcreative.com/_https_/www.forbes.com/sites/forbestechcouncil/2017/12/15/why-energy-is-a-big-and-rapidly-growing-problem-for-data-centers/index4c08.html]
[wearecomplexcreative.com/_https_/www.backmarket.co.uk/en-gb/index9740.html]
[wordpressagency.Islamabad/new-cc-website/wp-content/uploads/What-is-Sustainable-Web-Design.255.delayed]
[wearecomplexcreative.com/wp-json/wp/v2/posts/3332.json]
[wearecomplexcreative.com/wp-json/oembed/1.0/embed90ea.json]
[wearecomplexcreative.com/wp-json/oembed/1.0/embedfc8b]
[wearecomplexcreative.com/wp-content/uploads/What-is-Sustainable-Web-Design.jpg]
[wearecomplexcreative.com/wp-content/uploads/sustainability-web.webp]
[wearecomplexcreative.com/wp-content/uploads/sustainable-web-hosting.webp]
[wearecomplexcreative.com/what-is-sustainable-web-design/index.html]
[wordpressagency.Islamabad/new-cc-website/wp-content/uploads/ux-essentials-ecommerce.html]
[wearecomplexcreative.com/wp-json/wp/v2/categories/29.json]
[wearecomplexcreative.com/_https_/cxl.com/blog/first-impressions-matter-the-importance-of-great-visual-design/index.html]
[wearecomplexcreative.com/_https_/wearecomplexcreative.com/10-seo-tips-you-can-do-yourself/index.html]
[wearecomplexcreative.com/_https_/lawsofux.com/en/hicks-law/index.html]
[wearecomplexcreative.com/_https_/wearecomplexcreative.com/wp-content/uploads/coredna-ux.png/index.html]
[wearecomplexcreative.com/_https_/www.invespcro.com/blog/impulse-buying/_According]
[wearecomplexcreative.com/_http_/asos.com/_ASOS/u2019/a]
[wearecomplexcreative.com/_https_/wearecomplexcreative.com/wp-content/uploads/asos-filter.png/index.html]
[wearecomplexcreative.com/_https_/medium.com/marketing-and-entrepreneurship/16-visual-content-marketing-statistics-that-will-wake-you-up-59c4c0b80465/index.html]
[wearecomplexcreative.com/_https_/learn.g2.com/customer-reviews-statistics/index.html]
[wearecomplexcreative.com/_https_/www.wpbeginner.com/showcase/best-social-proof-wordpress-plugins-easy-to-use/index.html]
[wearecomplexcreative.com/_https_/www.veeqo.com/blog/ecommerce-checkout-ux/index.html]
[wearecomplexcreative.com/_https_/www.insiderintelligence.com/insights/mobile-commerce-shopping-trends-stats/_Business]
[wearecomplexcreative.com/_https_/wearecomplexcreative.com/wp-content/uploads/create-a-good-web-design-brief.webp/index.html]
[wearecomplexcreative.com/_https_/wearecomplexcreative.com/wp-content/uploads/brand-voice.webp/index.html]
[wearecomplexcreative.com/_https_/www.nngroup.com/articles/definition-user-experience/index.html]
[wearecomplexcreative.com/_https_/wearecomplexcreative.com/wp-content/uploads/ux-design.webp/index.html]
[wearecomplexcreative.com/_http_/semanticstudios.com/user_experience_design/index.html]
[wearecomplexcreative.com/_https_/www.w3.org/WAI/standards-guidelines/index.html]
[wearecomplexcreative.com/category/design/index.html]
[wearecomplexcreative.com/_https_/wearecomplexcreative.com/wp-content/uploads/freelancer.webp/index.html]
[wearecomplexcreative.com/_https_/wearecomplexcreative.com/wp-content/uploads/agency.webp/index.html]
[wordpressagency.Islamabad/new-cc-website/wp-content/uploads/10-SEO-Tips-780-x-520.274.delayed]
[wearecomplexcreative.com/wp-json/wp/v2/posts/3330.json]
[wearecomplexcreative.com/wp-json/oembed/1.0/embed9c85.json]
[wearecomplexcreative.com/wp-json/oembed/1.0/embed891c]
[wearecomplexcreative.com/wp-content/uploads/10-SEO-Tips-780-x-520.jpg]
[wearecomplexcreative.com/category/seo/index.html]
[wearecomplexcreative.com/wp-content/uploads/seo-tips-2.webp]
[wearecomplexcreative.com/wp-content/uploads/seo-tips.webp]
[wearecomplexcreative.com/10-seo-tips-you-can-do-yourself/index.html]
[wordpressagency.Islamabad/new-cc-website/wp-content/uploads/woocommerce-v-shopify.html]
[wearecomplexcreative.com/wp-content/uploads/Marketing-trends.jpg]
[wearecomplexcreative.com/wp-json/wp/v2/posts/2324.json]
[wearecomplexcreative.com/wp-json/oembed/1.0/embed51f5.json]
[wearecomplexcreative.com/wp-json/oembed/1.0/embed6ef0]
[wearecomplexcreative.com/wp-content/uploads/Woman-with-laptop.jpg]
[wearecomplexcreative.com/wp-content/uploads/Alexa-1.jpg]
[wearecomplexcreative.com/category/public-relations/index.html]
[wearecomplexcreative.com/wp-content/uploads/Notifications-CC.jpg]
[wearecomplexcreative.com/wp-content/uploads/Mobile-On-The-Table-small.jpg]
[wearecomplexcreative.com/top-20-marketing-trends-in-2021/index.html]
[wearecomplexcreative.com/_https_/www.linkedin.com/posts/sabrinachevannes_how-chat-gpt-can-replace-your-employees-activity-7018138984664948736-e31H/index95d3.html]
[wearecomplexcreative.com/_https_/www.forbes.com/sites/garydrenik/2022/08/23/the-creator-economy-is-booming-heres-how-businesses-can-tap-into-its-potential/index0ab8.html]
[wearecomplexcreative.com/_https_/www.ft.com/content/2fb6f361-a7bb-4b98-8100-6847b5df79b4/index.html]
[wearecomplexcreative.com/_https_/tradingeconomics.com/united-kingdom/consumer-confidence/index.html]
[wearecomplexcreative.com/_https_/www.google.com/searcheba5.html]
[wearecomplexcreative.com/_https_/www.orchard.co.uk/blog/the-impact-of-the-cost-of-living-crisis-on-the-marketing-sector-24703.aspx/index.html]
[wearecomplexcreative.com/_https_/www.oberlo.co.uk/blog/online-review-statistics/index.html]
[wearecomplexcreative.com/_https_/blog.ons.gov.uk/2020/09/18/how-the-covid-19-pandemic-has-accelerated-the-shift-to-online-spending/index.html]
[wearecomplexcreative.com/_https_/www.stylist.co.uk/beauty/the-ordinary-discount-deciem-closing-stores-website-black-friday/320482/index.html]
[wearecomplexcreative.com/_https_/www.outboundengine.com/blog/customer-retention-marketing-vs-customer-acquisition-marketing/index.html]
[wearecomplexcreative.com/_https_/www.litmus.com/resources/email-marketing-roi/_ROI.html]
[wearecomplexcreative.com/_https_/www.designrush.com/agency/digital-marketing/uk/Islamabad/index.html]
[wearecomplexcreative.com/_https_/wearecomplexcreative.com/wp-content/uploads/design-rush-top-digital-marketing.png/index.html]
[wearecomplexcreative.com/_https_/developers.google.com/search/blog/2022/08/helpful-content-update/index.html]
[wearecomplexcreative.com/_https_/wearecomplexcreative.com/what-is-black-hat-seo/_black.html]
[wearecomplexcreative.com/_https_/wearecomplexcreative.com/wp-content/uploads/seo-graphic-2.svg/_img.html]
[wearecomplexcreative.com/_https_/wearecomplexcreative.com/wp-content/uploads/seo-graphic-2.svg/index.html]
[wearecomplexcreative.com/_https_/developers.google.com/search/updates/ranking/index.html]
[wearecomplexcreative.com/_https_/developers.google.com/search/blog/2011/05/more-guidance-on-building-high-quality/index.html]
[wearecomplexcreative.com/_https_/developers.google.com/search/docs/advanced/guidelines/webmaster-guidelines/index.html]
[wearecomplexcreative.com/_https_/wearecomplexcreative.com/wp-content/uploads/audit-graphic.svg/_img.html]
[wearecomplexcreative.com/_https_/wearecomplexcreative.com/wp-content/uploads/audit-graphic.svg/index.html]
[wearecomplexcreative.com/_https_/www.copy.ai/index.html]
[wearecomplexcreative.com/the-death-of-third-party-cookies/index.html]
[wearecomplexcreative.com/wp-json/wp/v2/categories/31.json]
[wearecomplexcreative.com/_https_/www.cnet.com/news/study-92-of-u-s-2-year-olds-have-online-record/index.html]
[wearecomplexcreative.com/_https_/hrexecutive.com/most-employers-still-require-college-degrees-but-for-how-much-longer/index.html]
[wearecomplexcreative.com/_https_/www.frontiersin.org/articles/10.3389/fpsyg.2018.02238/full/index.html]
[wearecomplexcreative.com/_https_/www.bopdesign.com/bop-blog/2013/11/what-is-the-look-and-feel-of-a-website-and-why-its-important/index.html]
[wearecomplexcreative.com/_https_/cointelegraph.com/news/breaking-facebook-rebrands-to-meta-as-focus-expands-beyond-social-media/index.html]
[wearecomplexcreative.com/_https_/www.newscientist.com/article/2339401-sci-fi-author-neal-stephenson-wants-to-build-a-metaverse-open-to-all/index.html]
[wearecomplexcreative.com/_https_/www.techtarget.com/searchcio/feature/Examples-of-the-metaverse-for-business-and-IT-leaders/index.html]
[wearecomplexcreative.com/_https_/wearecomplexcreative.com/wp-content/uploads/virtual-reality-goggles.webp/index.html]
[wearecomplexcreative.com/_https_/www.theverge.com/22832490/niantic-ceo-john-hanke-metaverse-pokemon-go-ar-vr-podcast-decoder-interview/index.html]
[wearecomplexcreative.com/_https_/wearecomplexcreative.com/wp-content/uploads/cc-marketing-1.jpeg/index.html]
[wearecomplexcreative.com/_https_/wearecomplexcreative.com/wp-content/uploads/cc-marketing-2.jpeg/index.html]
[wearecomplexcreative.com/_https_/wearecomplexcreative.com/wp-content/uploads/cc-marketing-3.jpeg/index.html]
[wearecomplexcreative.com/_https_/youtube.com/shorts/kbWxz8kEBOM10e8]
[wearecomplexcreative.com/_https_/wearecomplexcreative.com/wp-content/uploads/instagram-shop.webp/index.html]
[wearecomplexcreative.com/_https_/www.digitalgyd.com/instagram-statistics/index.html]
[wearecomplexcreative.com/_https_/wearecomplexcreative.com/wp-content/uploads/instagram-strategy.webp/index.html]
[wearecomplexcreative.com/_https_/instagram.com/index.html]
[wearecomplexcreative.com/_https_/linktr.ee/index.html]
[wearecomplexcreative.com/_https_/linktr.ee/complexcreative/index.html]
[wearecomplexcreative.com/_https_/blog.hootsuite.com/instagram-algorithm/_span]
[wearecomplexcreative.com/_https_/wearecomplexcreative.com/top-12-social-media-tools-in-2021/_span]
[wearecomplexcreative.com/category/social-media/index.html]
[wearecomplexcreative.com/category/news/_mailto_careers@wearecomplexcreative.com_careers@wearecomplexcreative.com/a/n/nFor.html]
[wordpressagency.Islamabad/new-cc-website/wp-content/uploads/What-is-Sustainable-Web-Design.html]
[wearecomplexcreative.com/_https_/cxl.com/blog/first-impressions-matter-the-importance-of-great-visual-design/index.html]
[wearecomplexcreative.com/_https_/lawsofux.com/en/hicks-law/index.html]
[wearecomplexcreative.com/_https_/wearecomplexcreative.com/10-seo-tips-you-can-do-yourself/index.html]
[wearecomplexcreative.com/_https_/wearecomplexcreative.com/wp-content/uploads/coredna-ux.png/index.html]
[wearecomplexcreative.com/_https_/www.invespcro.com/blog/impulse-buying/_According.html]
[wearecomplexcreative.com/_http_/asos.com/_ASOS/u2019/a.html]
[wearecomplexcreative.com/_https_/wearecomplexcreative.com/wp-content/uploads/asos-filter.png/index.html]
[wearecomplexcreative.com/_https_/medium.com/marketing-and-entrepreneurship/16-visual-content-marketing-statistics-that-will-wake-you-up-59c4c0b80465/index.html]
[wearecomplexcreative.com/_https_/learn.g2.com/customer-reviews-statistics/index.html]
[wearecomplexcreative.com/_https_/www.wpbeginner.com/showcase/best-social-proof-wordpress-plugins-easy-to-use/index.html]
[wearecomplexcreative.com/_https_/www.veeqo.com/blog/ecommerce-checkout-ux/index.html]
[wearecomplexcreative.com/_https_/www.insiderintelligence.com/insights/mobile-commerce-shopping-trends-stats/_Business.html]
[wearecomplexcreative.com/_https_/wearecomplexcreative.com/wp-content/uploads/create-a-good-web-design-brief.webp/index.html]
[wearecomplexcreative.com/_https_/wearecomplexcreative.com/wp-content/uploads/brand-voice.webp/index.html]
[wearecomplexcreative.com/_https_/www.nngroup.com/articles/definition-user-experience/index.html]
[wearecomplexcreative.com/_https_/wearecomplexcreative.com/wp-content/uploads/ux-design.webp/index.html]
[wearecomplexcreative.com/_http_/semanticstudios.com/user_experience_design/index.html]
[wearecomplexcreative.com/_https_/www.w3.org/WAI/standards-guidelines/index.html]
[wearecomplexcreative.com/_https_/wearecomplexcreative.com/wp-content/uploads/freelancer.webp/index.html]
[wearecomplexcreative.com/_https_/wearecomplexcreative.com/wp-content/uploads/agency.webp/index.html]
[wordpressagency.Islamabad/new-cc-website/wp-content/uploads/10-SEO-Tips-780-x-520.html]
[wearecomplexcreative.com/wp-json/wp/v2/categories/30.json]
[wearecomplexcreative.com/_https_/wearecomplexcreative.com/wp-content/uploads/keyword-research.webp/index.html]
[wearecomplexcreative.com/_https_/wearecomplexcreative.com/wp-content/uploads/insights-seo.webp/index.html]
[wearecomplexcreative.com/_https_/ads.google.com/home/tools/keyword-planner/index.html]
[wearecomplexcreative.com/_https_/neilpatel.com/ubersuggest/index.html]
[wearecomplexcreative.com/_https_/www.semrush.com/analytics/keywordmagic/start/index.html]
[wearecomplexcreative.com/_https_/www.google.com/aclk68f7]
[wearecomplexcreative.com/_https_/keywordtool.io/index.html]
[wearecomplexcreative.com/_https_/wearecomplexcreative.com/wp-content/uploads/black-hat-seo.jpeg/index.html]
[wearecomplexcreative.com/_https_/wearecomplexcreative.com/wp-content/uploads/black-hat-seo-link-building.webp/index.html]
[wearecomplexcreative.com/_https_/skift.com/2020/08/19/google-cut-off-an-online-travel-company-and-sent-in-the-bill-collectors/index.html]
[wearecomplexcreative.com/_https_/wearecomplexcreative.com/wp-content/uploads/seo-tips-2.webp/index.html]
[wearecomplexcreative.com/_https_/ads.google.com/home/tools/keyword-planner/_Google]
[wearecomplexcreative.com/_https_/www.semrush.com/_SEMrush/a]
[wearecomplexcreative.com/_https_/ahrefs.com/_Ahrefs/a]
[wearecomplexcreative.com/_https_/moz.com/_Moz/a]
[wearecomplexcreative.com/_https_/spyfu.com/_SpyFu/a]
[wearecomplexcreative.com/_https_/yoast.com/_Yoast]
[wearecomplexcreative.com/_https_/yoast.com/academy/_/u201cacademy/u201d/a]
[wearecomplexcreative.com/_https_/wearecomplexcreative.com/wp-content/uploads/seo-tips.webp/index.html]
[wearecomplexcreative.com/_https_/yelp.com/_Yelp/a]
[wearecomplexcreative.com/_http_/trustpilot.com/_Trustpilot/a]
[wearecomplexcreative.com/_https_/wearecomplexcreative.com/wp-content/uploads/seo-for-beginners.webp/index.html]
[wearecomplexcreative.com/_https_/wearecomplexcreative.com/wp-content/uploads/seo-content-creation.webp/index.html]
[wearecomplexcreative.com/_https_/analytics.google.com/analytics/web/index.html]
[wearecomplexcreative.com/category/seo/index.html]
[wearecomplexcreative.com/wp-json/wp/v2/categories/50.json]
[wearecomplexcreative.com/_https_/www.crazyegg.com/index.html]
[wearecomplexcreative.com/_https_/open.spotify.com/embed/episode/3Vq6qDqUprCvwsvNLEztsG71e5]
[wearecomplexcreative.com/_https_/wearecomplexcreative.com/wp-content/uploads/marketing-pr.jpeg/index.html]
[wearecomplexcreative.com/_https_/www.raydiant.com/blog/state-of-consumer-behavior-2021/_evolve]
[wearecomplexcreative.com/_https_/www.outbrain.com/help/advertisers/content-optimization/_content]
[wearecomplexcreative.com/_https_/blog.google/products/search/search-language-understanding-bert/_at]
[wearecomplexcreative.com/_https_/wearecomplexcreative.com/wp-content/uploads/Woman-with-laptop.jpg/index.html]
[wearecomplexcreative.com/_https_/www.insiderintelligence.com/insights/influencer-marketing-report/_invaluable/a]
[wearecomplexcreative.com/_https_/www.amraandelma.com/effect-of-pandemic-on-influencer-marketing/_massive]
[wearecomplexcreative.com/_https_/www.buzzfeednews.com/article/stephaniemcneal/how-travel-influencers-got-through-the-pandemic/_pivoting]
[wearecomplexcreative.com/_https_/www.statista.com/statistics/432177/influence-marketing-budget-change-usa/_more]
[wearecomplexcreative.com/_https_/www.primark.com/en/primark-cares/how-primark-keeps-prices-low]
[wearecomplexcreative.com/_https_/shanebarker.com/blog/marketing-memes/_starting]
[wearecomplexcreative.com/_https_/medium.com/smart-marketing-for-the-lean-startup/a-case-study-on-ten-user-generated-content-fails-and-five-lessons-we-can-learn-from-them-part-1-af75c7633b68/_risks]
[wearecomplexcreative.com/_https_/www.prnewswire.com/news-releases/new-study-shows-user-generated-content-tops-marketing-tactics-by-influencing-90-percent-of-shoppers-purchasing-decisions-300475348.html/_by]
[wearecomplexcreative.com/_https_/instapage.com/blog/personalized-marketing/_actively]
[wearecomplexcreative.com/_https_/support.google.com/adsense/answer/90073365c8b]
[wearecomplexcreative.com/_https_/gdpr-info.eu/_GDPR/a]
[wearecomplexcreative.com/_https_/wearecomplexcreative.com/the-death-of-third-party-cookies/_decline]
[wearecomplexcreative.com/_https_/www.singlegrain.com/buyer-personas/complete-guide-developing-using-buyer-personas/_buyer]
[wearecomplexcreative.com/_https_/discussions.apple.com/welcome/_online]
[wearecomplexcreative.com/_https_/community.sephora.com/_Beauty]
[wearecomplexcreative.com/_https_/www.searchenginejournal.com/website-bounce-rate/332439/_to]
[wearecomplexcreative.com/_https_/www.techradar.com/uk/news/think-alexa-google-assistant-and-siri-are-gimmicks-youd-better-think-again/_Alexa]
[wearecomplexcreative.com/_https_/www.invoca.com/blog/voice-search-stats-marketers/_that]
[wearecomplexcreative.com/_https_/wearecomplexcreative.com/wp-content/uploads/Alexa-1.jpg/index.html]
[wearecomplexcreative.com/_https_/www.searchenginejournal.com/voice-search-optimization-strategy/379946/_optimising]
[wearecomplexcreative.com/_https_/wearecomplexcreative.com/wp-content/uploads/Notifications-CC.jpg/index.html]
[wearecomplexcreative.com/_https_/blog.e-goi.com/infographic-push-notification/_50%]
[wearecomplexcreative.com/_https_/blog.shift4shop.com/rank-higher-on-serps/_massively]
[wearecomplexcreative.com/_https_/neilpatel.com/blog/serps/_changing/a]
[wearecomplexcreative.com/_https_/venturebeat.com/2020/10/15/google-details-how-its-using-ai-and-machine-learning-to-improve-search/_ability]
[wearecomplexcreative.com/_https_/www.tessian.com/blog/biggest-gdpr-fines-2020/_big]
[wearecomplexcreative.com/_https_/siteimprove.com/en-gb/blog/how-can-you-win-customer-trust-and-be-more-competitive/_appreciate]
[wearecomplexcreative.com/_https_/dma.org.uk/company/complex-creative/_members]
[wearecomplexcreative.com/_https_/dma.org.uk/user/sabrina-chevannes/_is]
[wearecomplexcreative.com/_https_/blog.google/technology/ai/researchers-make-sure-ai-works-for-farmers/_African]
[wearecomplexcreative.com/_https_/ide.mit.edu/insights/time-to-use-deep-learning-for-marketing-analytics/_integrated]
[wearecomplexcreative.com/_https_/www.gosquared.com/_GoSquared/a]
[wearecomplexcreative.com/_https_/heap.io/_Heap/a]
[wearecomplexcreative.com/_https_/www.woopra.com/_Woopra/a]
[wearecomplexcreative.com/_https_/www.business.com/articles/6-reasons-why-your-business-should-be-using-google-adwords/_goldmine/a]
[wearecomplexcreative.com/_https_/www.smartinsights.com/search-engine-marketing/search-engine-statistics/_incredibly]
[wearecomplexcreative.com/_https_/support.google.com/google-ads/answer/706588271ed]
[wearecomplexcreative.com/_https_/www.seerinteractive.com/blog/google-ads-smart-risks-automated-bidding/_strategy/a]
[wearecomplexcreative.com/_https_/www.agilitypr.com/pr-news/public-relations/the-modern-marketers-dilemma-too-many-social-media-platforms/_coverage]
[wearecomplexcreative.com/_https_/www.moengage.com/blog/omnichannel-marketing/_working]
[wearecomplexcreative.com/_https_/news.shopify.com/scaling-social-commerce-shopify-introduces-new-in-app-shopping-experiences-on-tiktok/_TikTok/a]
[wearecomplexcreative.com/_https_/business.instagram.com/shopping/setupf78b]
[wearecomplexcreative.com/_https_/www.facebook.com/business/help/268860861184453e9ca]
[wearecomplexcreative.com/_https_/help.pinterest.com/en-gb/business/article/create-a-shop/_Pinterest/a]
[wearecomplexcreative.com/_https_/www.thedrum.com/opinion/2021/07/27/four-social-commerce-innovations-2021/_expand]
[wearecomplexcreative.com/_https_/techcrunch.com/2021/03/03/twitter-tests-new-e-commerce-features-for-tweets/_Twitter/a]
[wearecomplexcreative.com/_https_/backlinko.com/twitter-users/_350]
[wearecomplexcreative.com/_https_/www.socialmediatoday.com/news/9-great-examples-of-how-brands-are-using-chatbots/524138/_using]
[wearecomplexcreative.com/_https_/www.whoson.com/chatbots-ai/chatbot-learning-everything-need-know-machine-learning-chatbots/_learn/a]
[wearecomplexcreative.com/_https_/obj.ca/article/chatbots-websites-how-effective-are-they/_rough]
[wearecomplexcreative.com/_https_/www.smeweb.com/2021/09/14/move-over-chatbots-conversational-ai-has-arrived/_new]
[wearecomplexcreative.com/_https_/www.iberdrola.com/innovation/virtual-reality/_Virtual]
[wearecomplexcreative.com/_https_/www.smartinsights.com/digital-marketing-platforms/augmented-reality/5-ways-to-use-augmented-reality-in-your-marketing-strategy/_useful/a/r/n/r/nProof]
[wearecomplexcreative.com/_https_/www.falcon.io/insights-hub/topics/social-media-strategy/7-inspiring-brand-examples-of-augmented-reality-in-marketing/_already]
[wearecomplexcreative.com/_https_/www.gloam.io/post/16-brilliant-benefits-of-branded-ar-filters/_success]
[wearecomplexcreative.com/_https_/wearecomplexcreative.com/wp-content/uploads/Mobile-On-The-Table-small.jpg/index.html]
[wearecomplexcreative.com/_https_/jibe.google.com/_introduction]
[wearecomplexcreative.com/_https_/www.digitaltrends.com/mobile/what-is-rcs-messaging/_plenty]
[wearecomplexcreative.com/_https_/www.bbc.co.uk/news/technology-47771927]
[wearecomplexcreative.com/_https_/jibe.google.com/case-studies/subway/_extremely]
[wearecomplexcreative.com/_https_/www.wired.co.uk/article/quantum-computing-explained/_get]
[wearecomplexcreative.com/_https_/www.ibm.com/blogs/research/2019/10/on-quantum-supremacy/_almost]
[wearecomplexcreative.com/_https_/wearecomplexcreative.com/blog/_this]
[wearecomplexcreative.com/category/public-relations/index.html]
[wearecomplexcreative.com/wp-content/uploads/Third-party-cookies.jpg]
[wearecomplexcreative.com/wp-json/wp/v2/posts/1387.json]
[wearecomplexcreative.com/wp-json/oembed/1.0/embed0b20.json]
[wearecomplexcreative.com/wp-json/oembed/1.0/embed4013]
[wearecomplexcreative.com/the-death-of-third-party-cookies/index.html]
[wearecomplexcreative.com/_https_/www.cnet.com/news/study-92-of-u-s-2-year-olds-have-online-record/index.html]
[wearecomplexcreative.com/_https_/hrexecutive.com/most-employers-still-require-college-degrees-but-for-how-much-longer/index.html]
[wearecomplexcreative.com/_https_/www.frontiersin.org/articles/10.3389/fpsyg.2018.02238/full/index.html]
[wearecomplexcreative.com/_https_/www.bopdesign.com/bop-blog/2013/11/what-is-the-look-and-feel-of-a-website-and-why-its-important/index.html]
[wearecomplexcreative.com/_https_/cointelegraph.com/news/breaking-facebook-rebrands-to-meta-as-focus-expands-beyond-social-media/index.html]
[wearecomplexcreative.com/_https_/www.newscientist.com/article/2339401-sci-fi-author-neal-stephenson-wants-to-build-a-metaverse-open-to-all/index.html]
[wearecomplexcreative.com/_https_/www.techtarget.com/searchcio/feature/Examples-of-the-metaverse-for-business-and-IT-leaders/index.html]
[wearecomplexcreative.com/_https_/www.makeuseof.com/will-the-metaverse-be-free-to-use/index.html]
[wearecomplexcreative.com/_https_/wearecomplexcreative.com/wp-content/uploads/virtual-reality-goggles.webp/index.html]
[wearecomplexcreative.com/_https_/www.forbes.com/sites/bernardmarr/2022/05/16/the-10-best-examples-of-the-metaverse-everyone-should-know-about/index4498.html]
[wearecomplexcreative.com/_https_/www.theverge.com/22832490/niantic-ceo-john-hanke-metaverse-pokemon-go-ar-vr-podcast-decoder-interview/index.html]
[wearecomplexcreative.com/_https_/wearecomplexcreative.com/wp-content/uploads/cc-marketing-1.jpeg/index.html]
[wearecomplexcreative.com/_https_/wearecomplexcreative.com/wp-content/uploads/cc-marketing-2.jpeg/index.html]
[wearecomplexcreative.com/_https_/wearecomplexcreative.com/wp-content/uploads/cc-marketing-3.jpeg/index.html]
[wearecomplexcreative.com/_https_/youtube.com/shorts/kbWxz8kEBOM10e8.html]
[wearecomplexcreative.com/_https_/wearecomplexcreative.com/wp-content/uploads/instagram-shop.webp/index.html]
[wearecomplexcreative.com/_https_/www.digitalgyd.com/instagram-statistics/index.html]
[wearecomplexcreative.com/_https_/wearecomplexcreative.com/wp-content/uploads/instagram-strategy.webp/index.html]
[wearecomplexcreative.com/_https_/instagram.com/index.html]
[wearecomplexcreative.com/_https_/linktr.ee/index.html]
[wearecomplexcreative.com/_https_/linktr.ee/complexcreative/index.html]
[wearecomplexcreative.com/_https_/blog.hootsuite.com/instagram-algorithm/_span.html]
[wearecomplexcreative.com/_https_/wearecomplexcreative.com/top-12-social-media-tools-in-2021/_span.html]
[wearecomplexcreative.com/_https_/wearecomplexcreative.com/wp-content/uploads/keyword-research.webp/index.html]
[wearecomplexcreative.com/_https_/wearecomplexcreative.com/wp-content/uploads/insights-seo.webp/index.html]
[wearecomplexcreative.com/_https_/ads.google.com/home/tools/keyword-planner/index.html]
[wearecomplexcreative.com/_https_/neilpatel.com/ubersuggest/index.html]
[wearecomplexcreative.com/_https_/www.semrush.com/analytics/keywordmagic/start/index.html]
[wearecomplexcreative.com/_https_/www.google.com/aclk68f7.html]
[wearecomplexcreative.com/_https_/keywordtool.io/index.html]
[wearecomplexcreative.com/_https_/wearecomplexcreative.com/wp-content/uploads/black-hat-seo.jpeg/index.html]
[wearecomplexcreative.com/_https_/wearecomplexcreative.com/wp-content/uploads/black-hat-seo-link-building.webp/index.html]
[wearecomplexcreative.com/_https_/skift.com/2020/08/19/google-cut-off-an-online-travel-company-and-sent-in-the-bill-collectors/index.html]
[wearecomplexcreative.com/_https_/wearecomplexcreative.com/wp-content/uploads/seo-tips-2.webp/index.html]
[wearecomplexcreative.com/_https_/ads.google.com/home/tools/keyword-planner/_Google.html]
[wearecomplexcreative.com/_https_/www.semrush.com/_SEMrush/a.html]
[wearecomplexcreative.com/_https_/ahrefs.com/_Ahrefs/a.html]
[wearecomplexcreative.com/_https_/moz.com/_Moz/a.html]
[wearecomplexcreative.com/_https_/spyfu.com/_SpyFu/a.html]
[wearecomplexcreative.com/_https_/yoast.com/_Yoast.html]
[wearecomplexcreative.com/_https_/yoast.com/academy/_/u201cacademy/u201d/a.html]
[wearecomplexcreative.com/_https_/wearecomplexcreative.com/wp-content/uploads/seo-tips.webp/index.html]
[wearecomplexcreative.com/_https_/yelp.com/_Yelp/a.html]
[wearecomplexcreative.com/_http_/trustpilot.com/_Trustpilot/a.html]
[wearecomplexcreative.com/_https_/wearecomplexcreative.com/wp-content/uploads/seo-for-beginners.webp/index.html]
[wearecomplexcreative.com/_https_/wearecomplexcreative.com/wp-content/uploads/seo-content-creation.webp/index.html]
[wearecomplexcreative.com/_https_/analytics.google.com/analytics/web/index.html]
[wearecomplexcreative.com/_https_/www.crazyegg.com/index.html]
[wearecomplexcreative.com/_https_/open.spotify.com/embed/episode/3Vq6qDqUprCvwsvNLEztsG71e5.html]
[wearecomplexcreative.com/_https_/wearecomplexcreative.com/wp-content/uploads/marketing-pr.jpeg/index.html]
[wearecomplexcreative.com/_https_/www.raydiant.com/blog/state-of-consumer-behavior-2021/_evolve.html]
[wearecomplexcreative.com/_https_/www.outbrain.com/help/advertisers/content-optimization/_content.html]
[wearecomplexcreative.com/_https_/blog.google/products/search/search-language-understanding-bert/_at.html]
[wearecomplexcreative.com/_https_/wearecomplexcreative.com/wp-content/uploads/Woman-with-laptop.jpg/index.html]
[wearecomplexcreative.com/_https_/www.insiderintelligence.com/insights/influencer-marketing-report/_invaluable/a.html]
[wearecomplexcreative.com/_https_/www.amraandelma.com/effect-of-pandemic-on-influencer-marketing/_massive.html]
[wearecomplexcreative.com/_https_/www.buzzfeednews.com/article/stephaniemcneal/how-travel-influencers-got-through-the-pandemic/_pivoting.html]
[wearecomplexcreative.com/_https_/www.statista.com/statistics/432177/influence-marketing-budget-change-usa/_more.html]
[wearecomplexcreative.com/_https_/www.primark.com/en/primark-cares/how-primark-keeps-prices-low.html]
[wearecomplexcreative.com/_https_/shanebarker.com/blog/marketing-memes/_starting.html]
[wearecomplexcreative.com/_https_/medium.com/smart-marketing-for-the-lean-startup/a-case-study-on-ten-user-generated-content-fails-and-five-lessons-we-can-learn-from-them-part-1-af75c7633b68/_risks.html]
[wearecomplexcreative.com/_https_/www.prnewswire.com/news-releases/new-study-shows-user-generated-content-tops-marketing-tactics-by-influencing-90-percent-of-shoppers-purchasing-decisions-300475348.html/_by.html]
[wearecomplexcreative.com/_https_/instapage.com/blog/personalized-marketing/_actively.html]
[wearecomplexcreative.com/_https_/support.google.com/adsense/answer/90073365c8b.html]
[wearecomplexcreative.com/_https_/gdpr-info.eu/_GDPR/a.html]
[wearecomplexcreative.com/_https_/wearecomplexcreative.com/the-death-of-third-party-cookies/_decline.html]
[wearecomplexcreative.com/_https_/www.singlegrain.com/buyer-personas/complete-guide-developing-using-buyer-personas/_buyer.html]
[wearecomplexcreative.com/_https_/discussions.apple.com/welcome/_online.html]
[wearecomplexcreative.com/_https_/community.sephora.com/_Beauty.html]
[wearecomplexcreative.com/_https_/www.searchenginejournal.com/website-bounce-rate/332439/_to.html]
[wearecomplexcreative.com/_https_/www.dbswebsite.com/blog/trends-in-voice-search/index.html]
[wearecomplexcreative.com/_https_/www.techradar.com/uk/news/think-alexa-google-assistant-and-siri-are-gimmicks-youd-better-think-again/_Alexa.html]
[wearecomplexcreative.com/_https_/www.invoca.com/blog/voice-search-stats-marketers/_that.html]
[wearecomplexcreative.com/_https_/wearecomplexcreative.com/wp-content/uploads/Alexa-1.jpg/index.html]
[wearecomplexcreative.com/_https_/www.searchenginejournal.com/voice-search-optimization-strategy/379946/_optimising.html]
[wearecomplexcreative.com/_https_/wearecomplexcreative.com/wp-content/uploads/Notifications-CC.jpg/index.html]
[wearecomplexcreative.com/_https_/gdpr-info.eu/issues/email-marketing/index.html]
[wearecomplexcreative.com/_https_/www.forbes.com/sites/bernardmarr/2022/05/16/the-10-best-examples-of-the-metaverse-everyone-should-know-about/index8af1.html]
[wearecomplexcreative.com/_https_/www.makeuseof.com/will-the-metaverse-be-free-to-use/index-2.html]
[wearecomplexcreative.com/_https_/blog.e-goi.com/infographic-push-notification/_50%.html]
[wearecomplexcreative.com/_https_/blog.shift4shop.com/rank-higher-on-serps/_massively.html]
[wearecomplexcreative.com/_https_/neilpatel.com/blog/serps/_changing/a.html]
[wearecomplexcreative.com/_https_/venturebeat.com/2020/10/15/google-details-how-its-using-ai-and-machine-learning-to-improve-search/_ability.html]
[wearecomplexcreative.com/_https_/www.tessian.com/blog/biggest-gdpr-fines-2020/_big.html]
[wearecomplexcreative.com/_https_/siteimprove.com/en-gb/blog/how-can-you-win-customer-trust-and-be-more-competitive/_appreciate.html]
[wearecomplexcreative.com/_https_/dma.org.uk/company/complex-creative/_members.html]
[wearecomplexcreative.com/_https_/dma.org.uk/user/sabrina-chevannes/_is.html]
[wearecomplexcreative.com/_https_/blog.google/technology/ai/researchers-make-sure-ai-works-for-farmers/_African.html]
[wearecomplexcreative.com/_https_/ide.mit.edu/insights/time-to-use-deep-learning-for-marketing-analytics/_integrated.html]
[wearecomplexcreative.com/_https_/analytics.google.com/analytics/web/provision/index.html]
[wearecomplexcreative.com/_https_/www.gosquared.com/_GoSquared/a.html]
[wearecomplexcreative.com/_https_/heap.io/_Heap/a.html]
[wearecomplexcreative.com/_https_/www.woopra.com/_Woopra/a.html]
[wearecomplexcreative.com/_https_/www.business.com/articles/6-reasons-why-your-business-should-be-using-google-adwords/_goldmine/a.html]
[wearecomplexcreative.com/_https_/www.smartinsights.com/search-engine-marketing/search-engine-statistics/_incredibly.html]
[wearecomplexcreative.com/_https_/support.google.com/google-ads/answer/706588271ed.html]
[wearecomplexcreative.com/_https_/www.seerinteractive.com/blog/google-ads-smart-risks-automated-bidding/_strategy/a.html]
[wearecomplexcreative.com/_https_/www.agilitypr.com/pr-news/public-relations/the-modern-marketers-dilemma-too-many-social-media-platforms/_coverage.html]
[wearecomplexcreative.com/_https_/www.moengage.com/blog/omnichannel-marketing/_working.html]
[wearecomplexcreative.com/_https_/news.shopify.com/scaling-social-commerce-shopify-introduces-new-in-app-shopping-experiences-on-tiktok/_TikTok/a.html]
[wearecomplexcreative.com/_https_/business.instagram.com/shopping/setupf78b.html]
[wearecomplexcreative.com/_https_/www.facebook.com/business/help/268860861184453e9ca.html]
[wearecomplexcreative.com/_https_/help.pinterest.com/en-gb/business/article/create-a-shop/_Pinterest/a.html]
[wearecomplexcreative.com/_https_/www.thedrum.com/opinion/2021/07/27/four-social-commerce-innovations-2021/_expand.html]
[wearecomplexcreative.com/_https_/techcrunch.com/2021/03/03/twitter-tests-new-e-commerce-features-for-tweets/_Twitter/a.html]
[wearecomplexcreative.com/_https_/backlinko.com/twitter-users/_350.html]
[wearecomplexcreative.com/_https_/www.socialmediatoday.com/news/9-great-examples-of-how-brands-are-using-chatbots/524138/_using.html]
[wearecomplexcreative.com/_https_/automat.ai/resources/chatbot-consumer-feedback/index.html]
[wearecomplexcreative.com/_https_/www.dbswebsite.com/blog/trends-in-voice-search/index-2.html]
[wearecomplexcreative.com/_https_/www.whoson.com/chatbots-ai/chatbot-learning-everything-need-know-machine-learning-chatbots/_learn/a.html]
[wearecomplexcreative.com/_https_/obj.ca/article/chatbots-websites-how-effective-are-they/_rough.html]
[wearecomplexcreative.com/_https_/www.smeweb.com/2021/09/14/move-over-chatbots-conversational-ai-has-arrived/_new.html]
[wearecomplexcreative.com/_https_/www.iberdrola.com/innovation/virtual-reality/_Virtual.html]
[wearecomplexcreative.com/_https_/www.smartinsights.com/digital-marketing-platforms/augmented-reality/5-ways-to-use-augmented-reality-in-your-marketing-strategy/_useful/a/r/n/r/nProof.html]
[wearecomplexcreative.com/_https_/www.falcon.io/insights-hub/topics/social-media-strategy/7-inspiring-brand-examples-of-augmented-reality-in-marketing/_already.html]
[wearecomplexcreative.com/_https_/www.gloam.io/post/16-brilliant-benefits-of-branded-ar-filters/_success.html]
[wearecomplexcreative.com/_https_/wearecomplexcreative.com/wp-content/uploads/Mobile-On-The-Table-small.jpg/index.html]
[wearecomplexcreative.com/_https_/jibe.google.com/_introduction.html]
[wearecomplexcreative.com/_https_/www.digitaltrends.com/mobile/what-is-rcs-messaging/_plenty.html]
[wearecomplexcreative.com/_https_/www.bbc.co.uk/news/technology-47771927.html]
[wearecomplexcreative.com/_https_/jibe.google.com/case-studies/subway/_extremely.html]
[wearecomplexcreative.com/_https_/www.forbes.com/sites/rogerdooley/2019/08/19/neuromarketing-2020-campaign/index29a2.html]
[wearecomplexcreative.com/_https_/gdpr-info.eu/issues/email-marketing/index-2.html]
[wearecomplexcreative.com/_https_/www.wired.co.uk/article/quantum-computing-explained/_get.html]
[wearecomplexcreative.com/_https_/www.ibm.com/blogs/research/2019/10/on-quantum-supremacy/_almost.html]
[wearecomplexcreative.com/_https_/wearecomplexcreative.com/blog/_this.html]
[wearecomplexcreative.com/_https_/www.makeuseof.com/will-the-metaverse-be-free-to-use/index-2.html]
[wearecomplexcreative.com/_https_/www.forbes.com/sites/bernardmarr/2022/05/16/the-10-best-examples-of-the-metaverse-everyone-should-know-about/index8af1.html]
[wearecomplexcreative.com/_https_/www.dbswebsite.com/blog/trends-in-voice-search/index-2.html]
[wearecomplexcreative.com/_https_/gdpr-info.eu/issues/email-marketing/index-2.html]
[wearecomplexcreative.com/_https_/analytics.google.com/analytics/web/provision/index-2.html]
[wearecomplexcreative.com/_https_/automat.ai/resources/chatbot-consumer-feedback/index-2.html]
[wearecomplexcreative.com/_https_/analytics.google.com/analytics/web/provision/index-2.html]
[wearecomplexcreative.com/_https_/automat.ai/resources/chatbot-consumer-feedback/index-2.html]
[wearecomplexcreative.com/_https_/www.forbes.com/sites/rogerdooley/2019/08/19/neuromarketing-2020-campaign/indexe925.html]
[wearecomplexcreative.com/_https_/www.forbes.com/sites/rogerdooley/2019/08/19/neuromarketing-2020-campaign/indexe925.html]
